{"seq":1,"at":"2026-09-09T01:10:50Z","event":"answer","id":"QR1","state":"chosen","option":"a","note":"every screen shares the same descriptor overlay. game reuses same overlay tab to view hud and anything else.","override":false,"round":1}
{"seq":2,"at":"2026-09-09T01:11:09Z","event":"answer","id":"QR2","state":"chosen","option":"a","note":"","override":false,"round":1}
{"seq":3,"at":"2026-09-09T01:11:21Z","event":"answer","id":"QR3","state":"chosen","option":"a","note":"","override":false,"round":1}
{"seq":4,"at":"2026-09-09T01:21:37Z","event":"answer","id":"QR4","state":"chosen","option":"a","note":"","override":false,"round":1}
{"seq":5,"at":"2026-09-09T01:21:51Z","event":"answer","id":"QR4","state":"chosen","option":"a","note":"","override":false,"round":1}
{"seq":6,"at":"2026-09-09T03:13:44Z","event":"answer","id":"QR5","state":"chosen","option":"a","note":"","override":false,"round":1}
{"seq":7,"at":"2026-09-09T03:14:45Z","event":"answer","id":"QR6","state":"chosen","option":"a","note":"","override":false,"round":1}
{"seq":8,"at":"2026-09-09T03:14:54Z","event":"answer","id":"QR7","state":"chosen","option":"a","note":"","override":false,"round":1}
{"seq":9,"at":"2026-09-09T03:15:06Z","event":"answer","id":"QR8","state":"chosen","option":"c","note":"","override":false,"round":1}
{"seq":10,"at":"2026-09-09T03:18:06Z","event":"answer","id":"Q14","state":"chosen","option":"a","note":"","override":false,"round":1}
{"seq":11,"at":"2026-09-09T03:19:31Z","event":"answer","id":"Q19","state":"chosen","option":"c","note":"","override":false,"round":1}
{"seq":12,"at":"2026-09-09T03:19:35Z","event":"answer","id":"Q19","state":"chosen","option":"c","note":"","override":false,"round":1}
{"seq":13,"at":"2026-09-09T03:19:44Z","event":"answer","id":"Q20","state":"chosen","option":"b","note":"","override":false,"round":1}
{"seq":14,"at":"2026-09-09T03:21:29Z","event":"answer","id":"Q21","state":"chosen","option":"b","note":"","override":false,"round":1}
{"seq":15,"at":"2026-09-09T03:22:58Z","event":"answer","id":"Q22","state":"chosen","option":"a","note":"","override":false,"round":1}
{"seq":16,"at":"2026-09-09T03:23:27Z","event":"answer","id":"Q22","state":"chosen","option":"b","note":"","override":false,"round":1}
{"seq":17,"at":"2026-09-09T03:25:16Z","event":"answer","id":"Q23","state":"chosen","option":"a","note":"","override":false,"round":1}
{"seq":18,"at":"2026-09-09T03:25:29Z","event":"answer","id":"Q24","state":"chosen","option":"a","note":"","override":false,"round":1}
{"seq":19,"at":"2026-09-09T03:26:10Z","event":"answer","id":"Q25","state":"chosen","option":"a","note":"think of both as belonging in same container, and inner contents whether hud or description, uses that one space.","override":false,"round":1}
{"seq":20,"at":"2026-09-09T03:26:15Z","event":"answer","id":"Q26","state":"chosen","option":"a","note":"","override":false,"round":1}
{"seq":21,"at":"2026-09-09T03:52:28Z","event":"answer","id":"Q27","state":"chosen","option":null,"note":"sidebar is always visible. center of screen for picture is center of remaining space not taken by sidebar.","override":true,"round":1}
{"seq":22,"at":"2026-09-09T04:20:03Z","event":"answer","id":"Q28","state":"chosen","option":"c","note":"","override":false,"round":1}
{"seq":23,"at":"2026-09-09T04:22:42Z","event":"answer","id":"Q30","state":"chosen","option":"a","note":"","override":false,"round":1}
{"seq":24,"at":"2026-09-09T04:23:02Z","event":"answer","id":"Q32","state":"chosen","option":"a","note":"","override":false,"round":1}
{"seq":25,"at":"2026-09-09T04:43:19Z","event":"answer","id":"Q33","state":"chosen","option":"a","note":"","override":false,"round":1}
{"seq":26,"at":"2026-09-09T04:43:30Z","event":"answer","id":"Q33","state":"chosen","option":"c","note":"","override":false,"round":1}
{"seq":27,"at":"2026-09-09T05:06:35Z","event":"answer","id":"Q34","state":"chosen","option":"b","note":"","override":false,"round":1}
{"seq":28,"at":"2026-09-09T05:06:55Z","event":"answer","id":"Q35","state":"chosen","option":"b","note":"","override":false,"round":1}
{"seq":29,"at":"2026-09-09T05:08:12Z","event":"answer","id":"Q36","state":"chosen","option":"c","note":"","override":false,"round":1}
{"seq":30,"at":"2026-09-09T05:58:58Z","event":"answer","id":"Q38","state":"chosen","option":"b","note":"","override":false,"round":1}
{"seq":31,"at":"2026-09-09T05:59:23Z","event":"answer","id":"Q39","state":"chosen","option":"a","note":"","override":false,"round":1}
{"seq":32,"at":"2026-09-09T05:59:33Z","event":"answer","id":"Q40","state":"chosen","option":"b","note":"","override":false,"round":1}
{"seq":33,"at":"2026-09-09T06:00:04Z","event":"answer","id":"Q41","state":"chosen","option":"a","note":"","override":false,"round":1}
{"seq":34,"at":"2026-09-09T06:00:09Z","event":"answer","id":"Q41","state":"chosen","option":"a","note":"","override":false,"round":1}
{"seq":35,"at":"2026-09-09T06:00:36Z","event":"answer","id":"Q42","state":"chosen","option":"a","note":"","override":false,"round":1}
{"seq":36,"at":"2026-09-09T06:01:21Z","event":"answer","id":"Q43","state":"chosen","option":"b","note":"","override":false,"round":1}
{"seq":37,"at":"2026-09-09T06:01:30Z","event":"answer","id":"Q44","state":"chosen","option":"a","note":"","override":false,"round":1}
{"seq":38,"at":"2026-09-09T06:03:38Z","event":"answer","id":"Q45","state":"chosen","option":"a","note":"","override":false,"round":1}
{"seq":39,"at":"2026-09-09T06:05:15Z","event":"answer","id":"Q46","state":"chosen","option":"a","note":"","override":false,"round":1}
{"seq":40,"at":"2026-09-09T06:05:35Z","event":"answer","id":"Q47","state":"chosen","option":"c","note":"","override":false,"round":1}
{"seq":41,"at":"2026-09-09T06:05:46Z","event":"answer","id":"Q47","state":"chosen","option":"a","note":"","override":false,"round":1}
{"seq":42,"at":"2026-09-09T06:06:30Z","event":"answer","id":"Q48","state":"chosen","option":"a","note":"","override":false,"round":1}
{"seq":43,"at":"2026-09-09T06:09:30Z","event":"answer","id":"Q49","state":"chosen","option":null,"note":"it covers top of screen instead, where hud also is. main playing window should be like a square whenever possible.","override":true,"round":1}
{"seq":44,"at":"2026-09-09T06:09:54Z","event":"answer","id":"Q50","state":"chosen","option":"a","note":"","override":false,"round":1}
{"seq":45,"at":"2026-09-09T06:10:20Z","event":"answer","id":"Q50","state":"chosen","option":null,"note":"maximum width from right to left, so hud stays near middle.","override":true,"round":1}
{"seq":46,"at":"2026-09-09T06:11:32Z","event":"answer","id":"Q56","state":"chosen","option":"a","note":"","override":false,"round":1}
{"seq":47,"at":"2026-09-09T06:12:20Z","event":"answer","id":"Q57","state":"chosen","option":"a","note":"","override":false,"round":1}
{"seq":48,"at":"2026-09-09T06:12:31Z","event":"answer","id":"Q58","state":"chosen","option":"c","note":"","override":false,"round":1}
{"seq":49,"at":"2026-09-09T06:12:40Z","event":"answer","id":"Q58","state":"chosen","option":"c","note":"","override":false,"round":1}
{"seq":50,"at":"2026-09-09T06:13:33Z","event":"answer","id":"Q59","state":"chosen","option":null,"note":"yes, card starts hovering higher to show it is selected versus just glowing for highlighted.","override":true,"round":1}
{"seq":51,"at":"2026-09-09T06:18:50Z","event":"answer","id":"Q60","state":"chosen","option":"c","note":"","override":false,"round":1}
{"seq":52,"at":"2026-09-09T06:21:00Z","event":"answer","id":"Q61","state":"chosen","option":"a","note":"","override":false,"round":1}
{"seq":53,"at":"2026-09-09T06:41:38Z","event":"answer","id":"Q62","state":"chosen","option":"b","note":"","override":false,"round":1}
{"seq":54,"at":"2026-09-09T06:56:24Z","event":"answer","id":"Q63","state":"chosen","option":"a","note":"","override":false,"round":1}
{"seq":55,"at":"2026-09-09T07:03:06Z","event":"answer","id":"Q64","state":"chosen","option":"a","note":"","override":false,"round":1}
{"seq":56,"at":"2026-09-09T07:35:48Z","event":"answer","id":"Q65","state":"chosen","option":"a","note":"","override":false,"round":1}
{"seq":57,"at":"2026-09-09T07:36:06Z","event":"answer","id":"Q66","state":"chosen","option":"b","note":"","override":false,"round":1}
{"seq":58,"at":"2026-09-09T08:23:12Z","event":"answer","id":"Q67","state":"chosen","option":"a","note":"","override":false,"round":1}
{"seq":59,"at":"2026-09-09T08:23:36Z","event":"answer","id":"Q68","state":"chosen","option":"b","note":"","override":false,"round":1}
{"seq":60,"at":"2026-09-09T08:23:48Z","event":"answer","id":"Q70","state":"chosen","option":"a","note":"","override":false,"round":1}
{"seq":61,"at":"2026-09-09T08:24:05Z","event":"answer","id":"Q71","state":"chosen","option":"a","note":"","override":false,"round":1}
{"seq":62,"at":"2026-09-09T08:26:41Z","event":"answer","id":"Q72","state":"chosen","option":"a","note":"","override":false,"round":1}
{"seq":63,"at":"2026-09-09T08:57:47Z","event":"answer","id":"Q73","state":"chosen","option":"c","note":"","override":false,"round":1}
{"seq":64,"at":"2026-09-09T08:58:08Z","event":"answer","id":"Q74","state":"chosen","option":"b","note":"","override":false,"round":1}
{"seq":65,"at":"2026-09-09T08:58:45Z","event":"answer","id":"Q75","state":"chosen","option":"a","note":"","override":false,"round":1}
{"seq":66,"at":"2026-09-09T08:58:57Z","event":"answer","id":"Q76","state":"chosen","option":"b","note":"","override":false,"round":1}
{"seq":67,"at":"2026-09-09T08:59:13Z","event":"answer","id":"Q77","state":"chosen","option":"b","note":"","override":false,"round":1}
{"seq":68,"at":"2026-09-09T08:59:18Z","event":"answer","id":"Q78","state":"chosen","option":"c","note":"","override":false,"round":1}
{"seq":69,"at":"2026-09-09T08:59:21Z","event":"answer","id":"Q79","state":"chosen","option":"a","note":"","override":false,"round":1}
{"seq":70,"at":"2026-09-09T09:01:59Z","event":"answer","id":"Q80","state":"chosen","option":"b","note":"","override":false,"round":1}
{"seq":71,"at":"2026-09-09T09:11:40Z","event":"answer","id":"Q81","state":"chosen","option":"a","note":"","override":false,"round":1}
{"seq":72,"at":"2026-09-09T09:17:30Z","event":"answer","id":"Q82","state":"chosen","option":"a","note":"","override":false,"round":1}
{"seq":73,"at":"2026-09-09T09:21:59Z","event":"answer","id":"Q83","state":"chosen","option":"c","note":"","override":false,"round":1}
{"seq":74,"at":"2026-09-09T09:22:05Z","event":"answer","id":"Q84","state":"chosen","option":"a","note":"","override":false,"round":1}
{"seq":75,"at":"2026-09-09T09:22:11Z","event":"answer","id":"Q85","state":"chosen","option":"a","note":"","override":false,"round":1}
{"seq":76,"at":"2026-09-09T09:23:49Z","event":"answer","id":"Q86","state":"chosen","option":"a","note":"","override":false,"round":1}
{"seq":77,"at":"2026-09-09T09:24:33Z","event":"answer","id":"Q87","state":"chosen","option":"c","note":"","override":false,"round":1}
{"seq":78,"at":"2026-09-09T09:25:21Z","event":"answer","id":"Q88","state":"chosen","option":"a","note":"","override":false,"round":1}
{"seq":79,"at":"2026-09-09T09:25:26Z","event":"answer","id":"Q89","state":"chosen","option":"a","note":"","override":false,"round":1}
{"seq":80,"at":"2026-09-09T09:25:40Z","event":"answer","id":"Q90","state":"chosen","option":"a","note":"","override":false,"round":1}
{"seq":81,"at":"2026-09-09T09:25:45Z","event":"answer","id":"Q90","state":"chosen","option":"a","note":"","override":false,"round":1}
{"seq":82,"at":"2026-09-09T09:27:04Z","event":"answer","id":"Q91","state":"chosen","option":"a","note":"","override":false,"round":1}
{"seq":83,"at":"2026-09-09T09:31:53Z","event":"answer","id":"Q92","state":"chosen","option":"a","note":"","override":false,"round":1}
{"seq":84,"at":"2026-09-09T09:32:18Z","event":"answer","id":"Q93a","state":"chosen","option":"a","note":"","override":false,"round":1}
{"seq":85,"at":"2026-09-09T09:32:37Z","event":"answer","id":"Q94","state":"chosen","option":"a","note":"","override":false,"round":1}
{"seq":86,"at":"2026-09-09T09:33:47Z","event":"answer","id":"Q95","state":"chosen","option":"a","note":"","override":false,"round":1}
{"seq":87,"at":"2026-09-09T09:33:55Z","event":"answer","id":"Q96","state":"chosen","option":"b","note":"","override":false,"round":1}
{"seq":88,"at":"2026-09-09T09:35:53Z","event":"answer","id":"Q97","state":"chosen","option":"b","note":"","override":false,"round":1}
{"seq":89,"at":"2026-09-09T09:43:31Z","event":"answer","id":"Q98","state":"chosen","option":null,"note":"both double tapping normal button and allow binding to its own button","override":true,"round":1}
{"seq":90,"at":"2026-09-09T09:46:25Z","event":"answer","id":"Q99","state":"chosen","option":"b","note":"","override":false,"round":1}
{"seq":91,"at":"2026-09-09T09:47:13Z","event":"answer","id":"Q100","state":"chosen","option":"b","note":"","override":false,"round":1}
{"seq":92,"at":"2026-09-09T09:48:28Z","event":"answer","id":"Q100","state":"chosen","option":null,"note":"escape to view menu/wall should cancel everything second button would do, and show its menu/wall immediately as well","override":true,"round":1}
{"seq":93,"at":"2026-09-09T09:48:39Z","event":"answer","id":"Q100","state":"chosen","option":null,"note":"escape to view menu/wall should cancel everything second button would do, and show its menu/wall immediately as well","override":true,"round":1}
{"seq":94,"at":"2026-09-09T09:48:48Z","event":"answer","id":"Q101","state":"chosen","option":"a","note":"","override":false,"round":1}
{"seq":95,"at":"2026-09-09T09:49:18Z","event":"answer","id":"Q102","state":"chosen","option":"a","note":"","override":false,"round":1}
{"seq":96,"at":"2026-09-09T09:49:25Z","event":"answer","id":"Q103","state":"chosen","option":"b","note":"","override":false,"round":1}
{"seq":97,"at":"2026-09-09T09:52:07Z","event":"answer","id":"Q104","state":"chosen","option":"a","note":"","override":false,"round":1}
{"seq":98,"at":"2026-09-09T09:52:16Z","event":"answer","id":"Q104","state":"chosen","option":"a","note":"","override":false,"round":1}
{"seq":99,"at":"2026-09-09T09:54:00Z","event":"answer","id":"Q107","state":"chosen","option":null,"note":"end button becomes revealed when either deck empty, or no more possible action on board (no empty tiles)","override":true,"round":1}
{"seq":100,"at":"2026-09-09T09:54:08Z","event":"answer","id":"Q108","state":"chosen","option":"a","note":"","override":false,"round":1}
{"seq":101,"at":"2026-09-09T09:56:00Z","event":"answer","id":"Q109","state":"chosen","option":"a","note":"","override":false,"round":1}
{"seq":102,"at":"2026-09-09T09:57:52Z","event":"answer","id":"Q110","state":"chosen","option":"a","note":"","override":false,"round":1}
{"seq":103,"at":"2026-09-09T09:58:00Z","event":"answer","id":"Q110","state":"chosen","option":"a","note":"","override":false,"round":1}
{"seq":104,"at":"2026-09-09T09:59:12Z","event":"answer","id":"Q111","state":"chosen","option":"a","note":"","override":false,"round":1}
{"seq":105,"at":"2026-09-09T10:03:03Z","event":"answer","id":"Q112","state":"chosen","option":"b","note":"","override":false,"round":1}
{"seq":106,"at":"2026-09-09T10:03:12Z","event":"answer","id":"Q113","state":"chosen","option":"c","note":"","override":false,"round":1}
{"seq":107,"at":"2026-09-09T10:03:26Z","event":"answer","id":"Q114","state":"chosen","option":"a","note":"","override":false,"round":1}
{"seq":108,"at":"2026-09-09T10:03:36Z","event":"answer","id":"Q115","state":"chosen","option":"a","note":"","override":false,"round":1}
{"seq":109,"at":"2026-09-09T10:03:45Z","event":"answer","id":"Q116","state":"chosen","option":"a","note":"","override":false,"round":1}
{"seq":110,"at":"2026-09-09T10:09:52Z","event":"answer","id":"Q117","state":"chosen","option":"a","note":"","override":false,"round":1}
{"seq":111,"at":"2026-09-09T10:09:55Z","event":"answer","id":"Q118","state":"chosen","option":"a","note":"","override":false,"round":1}
{"seq":112,"at":"2026-09-09T10:10:00Z","event":"answer","id":"Q119","state":"chosen","option":"a","note":"","override":false,"round":1}
{"seq":113,"at":"2026-09-09T10:10:09Z","event":"answer","id":"Q120","state":"chosen","option":"b","note":"","override":false,"round":1}
{"seq":114,"at":"2026-09-09T10:10:33Z","event":"answer","id":"Q121","state":"chosen","option":"c","note":"","override":false,"round":1}
{"seq":115,"at":"2026-09-09T10:11:20Z","event":"answer","id":"Q122","state":"chosen","option":"c","note":"","override":false,"round":1}
{"seq":116,"at":"2026-09-09T10:13:09Z","event":"answer","id":"Q122","state":"chosen","option":"a","note":"picking up a board card should require cancelling the armed card pickup first, as otherwise it will attempt to place card on top first. If its not stackable, then picking up the board card is only remaining action possible so we allow it.","override":false,"round":1}
{"seq":117,"at":"2026-09-09T10:13:16Z","event":"answer","id":"Q123","state":"chosen","option":"b","note":"","override":false,"round":1}
{"seq":118,"at":"2026-09-09T10:13:39Z","event":"answer","id":"Q124","state":"chosen","option":"a","note":"","override":false,"round":1}
{"seq":119,"at":"2026-09-09T10:13:59Z","event":"answer","id":"Q125","state":"chosen","option":"a","note":"","override":false,"round":1}
{"seq":120,"at":"2026-09-09T10:14:10Z","event":"answer","id":"Q126","state":"chosen","option":"a","note":"","override":false,"round":1}
{"seq":121,"at":"2026-09-09T10:14:35Z","event":"answer","id":"Q127","state":"chosen","option":"b","note":"","override":false,"round":1}
{"seq":122,"at":"2026-09-09T10:15:56Z","event":"answer","id":"Q127","state":"chosen","option":"b","note":"","override":false,"round":1}
{"seq":123,"at":"2026-09-09T10:16:12Z","event":"answer","id":"Q128","state":"chosen","option":"a","note":"","override":false,"round":1}
{"seq":124,"at":"2026-09-09T10:16:46Z","event":"answer","id":"Q129","state":"chosen","option":"c","note":"","override":false,"round":1}
{"seq":125,"at":"2026-09-09T10:17:05Z","event":"answer","id":"Q130","state":"chosen","option":"a","note":"","override":false,"round":1}
{"seq":126,"at":"2026-09-09T10:17:14Z","event":"answer","id":"Q131","state":"chosen","option":"b","note":"","override":false,"round":1}
{"seq":127,"at":"2026-09-09T10:17:23Z","event":"answer","id":"Q132","state":"chosen","option":"a","note":"","override":false,"round":1}
{"seq":128,"at":"2026-09-09T10:19:59Z","event":"answer","id":"Q133","state":"chosen","option":"a","note":"first tap with touchscreen is same as hover","override":false,"round":1}
{"seq":129,"at":"2026-09-09T10:20:37Z","event":"answer","id":"Q133a","state":"chosen","option":"c","note":"","override":false,"round":1}
{"seq":130,"at":"2026-09-09T10:20:47Z","event":"answer","id":"Q134","state":"chosen","option":"a","note":"","override":false,"round":1}
{"seq":131,"at":"2026-09-09T10:21:17Z","event":"answer","id":"Q135","state":"chosen","option":"b","note":"","override":false,"round":1}
{"seq":132,"at":"2026-09-09T10:21:26Z","event":"answer","id":"Q136","state":"chosen","option":"a","note":"","override":false,"round":1}
{"seq":133,"at":"2026-09-09T10:21:42Z","event":"answer","id":"Q137","state":"chosen","option":"a","note":"","override":false,"round":1}
{"seq":134,"at":"2026-09-09T10:23:25Z","event":"answer","id":"Q138","state":"chosen","option":"a","note":"","override":false,"round":1}
{"seq":135,"at":"2026-09-09T10:23:47Z","event":"answer","id":"Q139","state":"chosen","option":"a","note":"","override":false,"round":1}
{"seq":136,"at":"2026-09-09T10:25:22Z","event":"answer","id":"Q140","state":"chosen","option":"a","note":"","override":false,"round":1}
{"seq":137,"at":"2026-09-09T10:26:01Z","event":"answer","id":"Q141","state":"chosen","option":"b","note":"","override":false,"round":1}
{"seq":138,"at":"2026-09-09T10:26:05Z","event":"answer","id":"Q142","state":"chosen","option":"a","note":"","override":false,"round":1}
{"seq":139,"at":"2026-09-09T10:26:22Z","event":"answer","id":"Q143","state":"chosen","option":"a","note":"","override":false,"round":1}
{"seq":140,"at":"2026-09-09T10:26:50Z","event":"answer","id":"Q144","state":"chosen","option":"a","note":"","override":false,"round":1}
{"seq":141,"at":"2026-09-09T10:27:34Z","event":"answer","id":"Q150","state":"chosen","option":"a","note":"","override":false,"round":1}
{"seq":142,"at":"2026-09-09T10:27:52Z","event":"answer","id":"Q151","state":"chosen","option":"a","note":"","override":false,"round":1}
{"seq":143,"at":"2026-09-09T10:28:08Z","event":"answer","id":"Q152","state":"chosen","option":"b","note":"","override":false,"round":1}
{"seq":144,"at":"2026-09-09T10:28:19Z","event":"answer","id":"Q152","state":"chosen","option":"a","note":"","override":false,"round":1}
{"seq":145,"at":"2026-09-09T10:28:24Z","event":"answer","id":"Q153","state":"chosen","option":"a","note":"","override":false,"round":1}
{"seq":146,"at":"2026-09-09T10:28:29Z","event":"answer","id":"Q160","state":"chosen","option":"a","note":"","override":false,"round":1}
{"seq":147,"at":"2026-09-09T10:28:33Z","event":"answer","id":"Q161","state":"chosen","option":"a","note":"","override":false,"round":1}
{"seq":148,"at":"2026-09-09T10:28:49Z","event":"answer","id":"Q161","state":"chosen","option":null,"note":"you can create a dummy one for testing.","override":true,"round":1}
{"seq":149,"at":"2026-09-09T10:29:05Z","event":"answer","id":"Q162","state":"chosen","option":"a","note":"","override":false,"round":1}
{"seq":150,"at":"2026-09-09T10:29:23Z","event":"answer","id":"Q163","state":"chosen","option":"a","note":"","override":false,"round":1}
{"seq":151,"at":"2026-09-09T10:29:39Z","event":"answer","id":"Q164","state":"chosen","option":"a","note":"","override":false,"round":1}
{"seq":152,"at":"2026-09-09T10:29:41Z","event":"answer","id":"Q165","state":"chosen","option":"a","note":"","override":false,"round":1}
{"seq":153,"at":"2026-09-09T10:30:45Z","event":"answer","id":"Q166","state":"chosen","option":null,"note":"update it to no longer be broken.","override":true,"round":1}
{"seq":154,"at":"2026-09-09T10:31:12Z","event":"answer","id":"Q166","state":"chosen","option":null,"note":"update it to no longer be broken using new classes and removing dead code, since errors are noisy.","override":true,"round":1}
{"seq":155,"at":"2026-09-09T10:31:23Z","event":"answer","id":"Q166","state":"chosen","option":null,"note":"update it to no longer be broken using new classes and removing dead code, since errors are noisy, but still want to keep the tool itself.","override":true,"round":1}
{"seq":156,"at":"2026-09-09T10:32:17Z","event":"answer","id":"Q167","state":"chosen","option":"a","note":"","override":false,"round":1}
{"seq":157,"at":"2026-09-09T10:50:12Z","event":"answer","id":"Q27","state":"chosen","option":"d","note":"sidebar is always visible. center of screen for picture is center of remaining space not taken by sidebar.","override":false,"round":2}
{"seq":158,"at":"2026-09-09T10:51:41Z","event":"answer","id":"Q170","state":"chosen","option":"a","note":"","override":false,"round":2}
{"seq":159,"at":"2026-09-09T10:51:55Z","event":"answer","id":"Q171","state":"chosen","option":"c","note":"","override":false,"round":2}
{"seq":160,"at":"2026-09-09T10:52:20Z","event":"answer","id":"Q175","state":"chosen","option":"a","note":"","override":false,"round":2}
{"seq":161,"at":"2026-09-09T10:52:40Z","event":"answer","id":"Q176","state":"chosen","option":"a","note":"","override":false,"round":2}
{"seq":162,"at":"2026-09-09T10:53:25Z","event":"answer","id":"Q177","state":"chosen","option":"a","note":"","override":false,"round":2}
{"seq":163,"at":"2026-09-09T10:53:33Z","event":"answer","id":"Q178","state":"chosen","option":"b","note":"","override":false,"round":2}
{"seq":164,"at":"2026-09-09T10:53:41Z","event":"answer","id":"Q179","state":"chosen","option":"a","note":"","override":false,"round":2}
{"seq":165,"at":"2026-09-09T10:53:48Z","event":"answer","id":"Q180","state":"chosen","option":"a","note":"","override":false,"round":2}
{"seq":166,"at":"2026-09-09T10:58:16Z","event":"answer","id":"QR9","state":"chosen","option":"a","note":"","override":false,"round":2}
{"seq":167,"at":"2026-09-09T10:58:21Z","event":"answer","id":"Q200","state":"chosen","option":"c","note":"","override":false,"round":2}
{"seq":168,"at":"2026-09-09T10:58:42Z","event":"answer","id":"Q201","state":"chosen","option":"b","note":"","override":false,"round":2}
{"seq":169,"at":"2026-09-09T10:58:55Z","event":"answer","id":"Q202","state":"chosen","option":"a","note":"","override":false,"round":2}
{"seq":170,"at":"2026-09-09T11:00:25Z","event":"answer","id":"Q203","state":"chosen","option":"b","note":"","override":false,"round":2}
{"seq":171,"at":"2026-09-09T11:00:43Z","event":"answer","id":"Q204","state":"chosen","option":"a","note":"","override":false,"round":2}
{"seq":172,"at":"2026-09-09T11:00:51Z","event":"answer","id":"Q205","state":"chosen","option":"a","note":"","override":false,"round":2}
{"seq":173,"at":"2026-09-09T11:01:06Z","event":"answer","id":"Q206","state":"chosen","option":"a","note":"","override":false,"round":2}
{"seq":174,"at":"2026-09-09T11:01:17Z","event":"answer","id":"Q207","state":"chosen","option":"a","note":"","override":false,"round":2}
{"seq":175,"at":"2026-09-09T11:01:21Z","event":"answer","id":"Q207","state":"chosen","option":"a","note":"","override":false,"round":2}
{"seq":176,"at":"2026-09-09T11:01:32Z","event":"answer","id":"Q208","state":"chosen","option":"a","note":"","override":false,"round":2}
{"seq":177,"at":"2026-09-09T11:01:38Z","event":"answer","id":"Q209","state":"chosen","option":"a","note":"","override":false,"round":2}
{"seq":178,"at":"2026-09-09T11:02:38Z","event":"answer","id":"Q201","state":"chosen","option":"a","note":"","override":false,"round":2}
{"seq":179,"at":"2026-09-09T11:02:49Z","event":"answer","id":"Q209","state":"chosen","option":"a","note":"","override":false,"round":2}
{"seq":180,"at":"2026-09-09T11:03:23Z","event":"answer","id":"Q210","state":"chosen","option":"c","note":"","override":false,"round":2}
{"seq":181,"at":"2026-09-09T11:03:38Z","event":"answer","id":"Q211","state":"chosen","option":"a","note":"","override":false,"round":2}
{"seq":182,"at":"2026-09-09T11:03:48Z","event":"answer","id":"Q212","state":"chosen","option":"a","note":"","override":false,"round":2}
{"seq":183,"at":"2026-09-09T11:04:18Z","event":"answer","id":"Q213","state":"chosen","option":"c","note":"","override":false,"round":2}
{"seq":184,"at":"2026-09-09T11:05:04Z","event":"answer","id":"Q214","state":"chosen","option":"a","note":"","override":false,"round":2}
{"seq":185,"at":"2026-09-09T11:05:24Z","event":"answer","id":"Q215b","state":"chosen","option":"a","note":"","override":false,"round":2}
{"seq":186,"at":"2026-09-09T11:05:36Z","event":"answer","id":"Q216","state":"chosen","option":"a","note":"","override":false,"round":2}
{"seq":187,"at":"2026-09-09T11:05:57Z","event":"answer","id":"Q217","state":"chosen","option":"b","note":"","override":false,"round":2}
{"seq":188,"at":"2026-09-09T11:06:34Z","event":"answer","id":"Q218","state":"chosen","option":"b","note":"","override":false,"round":2}
{"seq":189,"at":"2026-09-09T11:07:16Z","event":"answer","id":"Q219","state":"chosen","option":"b","note":"","override":false,"round":2}
{"seq":190,"at":"2026-09-09T11:07:27Z","event":"answer","id":"Q220","state":"chosen","option":"a","note":"","override":false,"round":2}
{"seq":191,"at":"2026-09-09T11:07:31Z","event":"answer","id":"Q221","state":"chosen","option":"a","note":"","override":false,"round":2}
{"seq":192,"at":"2026-09-09T11:07:41Z","event":"answer","id":"Q222","state":"chosen","option":"b","note":"","override":false,"round":2}
{"seq":193,"at":"2026-09-09T11:08:20Z","event":"answer","id":"Q223","state":"chosen","option":"a","note":"","override":false,"round":2}
{"seq":194,"at":"2026-09-09T11:08:39Z","event":"answer","id":"Q224","state":"chosen","option":"b","note":"","override":false,"round":2}
{"seq":195,"at":"2026-09-09T11:09:39Z","event":"answer","id":"Q225","state":"chosen","option":"a","note":"","override":false,"round":2}
{"seq":196,"at":"2026-09-09T11:09:46Z","event":"answer","id":"Q49","state":"chosen","option":"d","note":"it covers top of screen instead, where hud also is. main playing window should be like a square whenever possible.","override":false,"round":2}
{"seq":197,"at":"2026-09-09T11:09:53Z","event":"answer","id":"Q50","state":"chosen","option":"c","note":"maximum width from right to left, so hud stays near middle.","override":false,"round":2}
{"seq":198,"at":"2026-09-09T11:10:06Z","event":"answer","id":"Q59","state":"chosen","option":"c","note":"yes, card starts hovering higher to show it is selected versus just glowing for highlighted.","override":false,"round":2}
{"seq":199,"at":"2026-09-09T11:10:19Z","event":"answer","id":"Q98","state":"chosen","option":"d","note":"both double tapping normal button and allow binding to its own button","override":false,"round":2}
{"seq":200,"at":"2026-09-09T11:10:23Z","event":"answer","id":"Q100","state":"chosen","option":"c","note":"escape to view menu/wall should cancel everything second button would do, and show its menu/wall immediately as well","override":false,"round":2}
{"seq":201,"at":"2026-09-09T11:10:37Z","event":"answer","id":"Q107","state":"chosen","option":"c","note":"end button becomes revealed when either deck empty, or no more possible action on board (no empty tiles)","override":false,"round":2}
{"seq":202,"at":"2026-09-09T11:10:42Z","event":"answer","id":"Q161","state":"chosen","option":"c","note":"you can create a dummy one for testing.","override":false,"round":2}
{"seq":203,"at":"2026-09-09T11:10:51Z","event":"answer","id":"Q166","state":"chosen","option":"c","note":"update it to no longer be broken using new classes and removing dead code, since errors are noisy, but still want to keep the tool itself.","override":false,"round":2}
{"seq":204,"at":"2026-09-09T11:22:59Z","event":"answer","id":"Q240","state":"chosen","option":"a","note":"","override":false,"round":3}
{"seq":205,"at":"2026-09-09T11:23:14Z","event":"answer","id":"Q240","state":"chosen","option":"a","note":"","override":false,"round":3}
{"seq":206,"at":"2026-09-09T11:23:55Z","event":"answer","id":"Q244","state":"chosen","option":"a","note":"","override":false,"round":3}
{"seq":207,"at":"2026-09-09T11:24:10Z","event":"answer","id":"Q245","state":"chosen","option":"c","note":"","override":false,"round":3}
{"seq":208,"at":"2026-09-09T11:24:19Z","event":"answer","id":"Q245","state":"chosen","option":null,"note":"knob defaulting to 5","override":true,"round":3}
{"seq":209,"at":"2026-09-09T11:54:08Z","event":"answer","id":"Q246","state":"chosen","option":"a","note":"","override":false,"round":3}
{"seq":210,"at":"2026-09-09T11:54:17Z","event":"answer","id":"Q247","state":"chosen","option":"a","note":"","override":false,"round":3}
{"seq":211,"at":"2026-09-09T11:59:26Z","event":"answer","id":"Q249","state":"chosen","option":null,"note":"glow means selected. lift means currently picked up which warns that next click on a highlighted space will put the lifted card down. the selection glow is over where selector is to show current selection as normal.","override":true,"round":3}
{"seq":212,"at":"2026-09-09T12:33:27Z","event":"answer","id":"Q254","state":"chosen","option":"d","note":"","override":false,"round":4}
{"seq":213,"at":"2026-09-09T12:33:58Z","event":"answer","id":"Q250","state":"chosen","option":"a","note":"","override":false,"round":4}
{"seq":214,"at":"2026-09-09T12:35:00Z","event":"answer","id":"Q250","state":"chosen","option":"a","note":"","override":false,"round":4}
{"seq":215,"at":"2026-09-09T12:35:13Z","event":"answer","id":"Q251","state":"chosen","option":"b","note":"","override":false,"round":4}
{"seq":216,"at":"2026-09-09T12:35:21Z","event":"answer","id":"Q251","state":"chosen","option":"b","note":"","override":false,"round":4}
{"seq":217,"at":"2026-09-09T12:36:30Z","event":"answer","id":"Q252","state":"chosen","option":"b","note":"","override":false,"round":4}
{"seq":218,"at":"2026-09-09T12:36:53Z","event":"answer","id":"Q255","state":"chosen","option":"a","note":"","override":false,"round":4}
{"seq":219,"at":"2026-09-09T12:36:56Z","event":"answer","id":"Q256","state":"chosen","option":"a","note":"","override":false,"round":4}
{"seq":220,"at":"2026-09-09T12:37:10Z","event":"answer","id":"Q257","state":"chosen","option":"b","note":"","override":false,"round":4}
{"seq":221,"at":"2026-09-09T12:37:21Z","event":"answer","id":"Q258","state":"chosen","option":"a","note":"","override":false,"round":4}
{"seq":222,"at":"2026-09-09T12:38:41Z","event":"answer","id":"Q259b","state":"chosen","option":"b","note":"","override":false,"round":4}
{"seq":223,"at":"2026-09-09T12:39:18Z","event":"answer","id":"Q260b","state":"chosen","option":"b","note":"","override":false,"round":4}
{"seq":224,"at":"2026-09-09T12:39:35Z","event":"answer","id":"Q261","state":"chosen","option":"a","note":"","override":false,"round":4}
{"seq":225,"at":"2026-09-09T12:40:11Z","event":"answer","id":"Q262","state":"chosen","option":"a","note":"","override":false,"round":4}
{"seq":226,"at":"2026-09-09T12:40:16Z","event":"answer","id":"Q262","state":"chosen","option":"a","note":"","override":false,"round":4}
{"seq":227,"at":"2026-09-09T12:40:31Z","event":"answer","id":"Q263","state":"chosen","option":"a","note":"","override":false,"round":4}
{"seq":228,"at":"2026-09-09T12:41:21Z","event":"answer","id":"Q265","state":"chosen","option":"a","note":"","override":false,"round":4}
{"seq":229,"at":"2026-09-09T12:42:56Z","event":"answer","id":"Q266","state":"chosen","option":null,"note":"it follows while finger is down. if lifted up on a placeable spot it gets placed, otherwise it goes back.","override":true,"round":4}
{"seq":230,"at":"2026-09-09T12:43:49Z","event":"answer","id":"Q267","state":"chosen","option":"b","note":"","override":false,"round":4}
{"seq":231,"at":"2026-09-09T12:44:06Z","event":"answer","id":"Q267","state":"chosen","option":"a","note":"","override":false,"round":4}
{"seq":232,"at":"2026-09-09T12:45:10Z","event":"answer","id":"Q268","state":"chosen","option":"a","note":"","override":false,"round":4}
{"seq":233,"at":"2026-09-09T12:45:34Z","event":"answer","id":"Q269","state":"chosen","option":"a","note":"","override":false,"round":4}
{"seq":234,"at":"2026-09-09T12:46:03Z","event":"answer","id":"Q270","state":"chosen","option":"a","note":"","override":false,"round":4}
{"seq":235,"at":"2026-09-09T12:54:32Z","event":"answer","id":"Q266","state":"chosen","option":"c","note":"it follows while finger is down. if lifted up on a placeable spot it gets placed, otherwise it goes back.","override":false,"round":5}
{"seq":236,"at":"2026-09-09T12:55:30Z","event":"answer","id":"Q280","state":"chosen","option":"a","note":"","override":false,"round":5}
{"seq":237,"at":"2026-09-09T12:56:17Z","event":"answer","id":"Q281","state":"chosen","option":"a","note":"","override":false,"round":5}
{"seq":238,"at":"2026-09-09T12:56:23Z","event":"answer","id":"Q282","state":"chosen","option":"a","note":"","override":false,"round":5}
{"seq":239,"at":"2026-09-09T12:57:04Z","event":"answer","id":"Q283","state":"chosen","option":"a","note":"","override":false,"round":5}
{"seq":240,"at":"2026-09-09T12:57:40Z","event":"answer","id":"Q284","state":"chosen","option":"b","note":"","override":false,"round":5}
{"seq":241,"at":"2026-09-09T12:58:56Z","event":"answer","id":"Q284","state":"chosen","option":"b","note":"dpi is irrelevant, window size and control sizes are better fit.","override":false,"round":5}
{"seq":242,"at":"2026-09-09T13:00:14Z","event":"answer","id":"Q285","state":"chosen","option":"b","note":"","override":false,"round":5}
{"seq":243,"at":"2026-09-09T13:00:39Z","event":"answer","id":"Q286","state":"chosen","option":"b","note":"","override":false,"round":5}
{"seq":244,"at":"2026-09-09T13:00:46Z","event":"answer","id":"Q287","state":"chosen","option":"a","note":"","override":false,"round":5}
{"seq":245,"at":"2026-09-09T13:00:51Z","event":"answer","id":"Q288","state":"chosen","option":"a","note":"","override":false,"round":5}
{"seq":246,"at":"2026-09-09T13:00:59Z","event":"answer","id":"Q288","state":"chosen","option":"a","note":"","override":false,"round":5}
{"seq":247,"at":"2026-09-09T13:01:19Z","event":"answer","id":"Q289","state":"chosen","option":"a","note":"","override":false,"round":5}
{"seq":248,"at":"2026-09-09T13:04:30Z","event":"answer","id":"Q284","state":"chosen","option":"d","note":"dpi is irrelevant, window size and control sizes are better fit.","override":false,"round":6}
{"seq":249,"at":"2026-09-09T13:04:41Z","event":"answer","id":"Q290","state":"chosen","option":"a","note":"","override":false,"round":6}
{"seq":250,"at":"2026-09-09T13:04:52Z","event":"answer","id":"Q291","state":"chosen","option":"a","note":"","override":false,"round":6}
{"seq":251,"at":"2026-09-09T13:05:05Z","event":"answer","id":"Q292","state":"chosen","option":"a","note":"","override":false,"round":6}
{"seq":252,"at":"2026-09-09T13:05:11Z","event":"answer","id":"Q292b","state":"chosen","option":"a","note":"","override":false,"round":6}
{"seq":253,"at":"2026-09-09T13:05:32Z","event":"answer","id":"Q293","state":"chosen","option":"b","note":"","override":false,"round":6}
{"seq":254,"at":"2026-09-09T13:05:48Z","event":"answer","id":"Q294","state":"chosen","option":"a","note":"","override":false,"round":6}
{"seq":255,"at":"2026-09-09T13:06:10Z","event":"answer","id":"Q296","state":"chosen","option":"a","note":"","override":false,"round":6}
{"seq":256,"at":"2026-09-09T13:08:48Z","event":"answer","id":"Q300","state":"chosen","option":"a","note":"","override":false,"round":7}
{"seq":257,"at":"2026-09-09T13:08:56Z","event":"answer","id":"Q301","state":"chosen","option":"a","note":"","override":false,"round":7}
{"seq":258,"at":"2026-09-09T13:09:00Z","event":"answer","id":"Q304","state":"chosen","option":"a","note":"","override":false,"round":7}
{"seq":259,"at":"2026-09-09T13:09:12Z","event":"answer","id":"Q305","state":"chosen","option":"b","note":"","override":false,"round":7}
{"seq":260,"at":"2026-09-09T13:09:32Z","event":"answer","id":"Q306","state":"chosen","option":"a","note":"","override":false,"round":7}
{"seq":261,"at":"2026-09-09T13:09:36Z","event":"answer","id":"Q307b","state":"chosen","option":"a","note":"","override":false,"round":7}
