{"seq":1,"at":"2026-09-01T10:38:10Z","event":"answer","id":"Q0001","state":"chosen","option":"a","note":"","override":false,"round":1}
{"seq":2,"at":"2026-09-01T10:39:29Z","event":"answer","id":"Q0002","state":"chosen","option":"d","note":"","override":false,"round":1}
{"seq":3,"at":"2026-09-01T10:40:04Z","event":"answer","id":"Q0003","state":"chosen","option":"a","note":"","override":false,"round":1}
{"seq":4,"at":"2026-09-01T10:42:40Z","event":"answer","id":"Q0004","state":"chosen","option":null,"note":"Gives points every time a meld occurs, stops giving any points once it is part of a meld.","override":true,"round":1}
{"seq":5,"at":"2026-09-01T10:43:35Z","event":"answer","id":"Q0005","state":"chosen","option":null,"note":"when this card scores, +10 flat points to its height score","override":true,"round":1}
{"seq":6,"at":"2026-09-01T10:44:07Z","event":"answer","id":"Q0006","state":"chosen","option":"a","note":"","override":false,"round":1}
{"seq":7,"at":"2026-09-01T10:46:05Z","event":"answer","id":"Q0007","state":"chosen","option":null,"note":"In a turn that scores multiple melds, each additional meld gains points from previous melds added on.","override":true,"round":1}
{"seq":8,"at":"2026-09-01T10:46:42Z","event":"answer","id":"Q0008","state":"chosen","option":"a","note":"","override":false,"round":1}
{"seq":9,"at":"2026-09-01T10:48:23Z","event":"answer","id":"Q0009","state":"chosen","option":null,"note":"each unique poker meld scored causes next poker meld to score double scaling on unique poker melds","override":true,"round":1}
{"seq":10,"at":"2026-09-01T10:48:49Z","event":"answer","id":"Q0010","state":"chosen","option":"c","note":"","override":false,"round":1}
{"seq":11,"at":"2026-09-01T10:50:50Z","event":"answer","id":"Q0011","state":"chosen","option":null,"note":"scoring in 1 grid also increases score in other grids in the same coordinates","override":true,"round":1}
{"seq":12,"at":"2026-09-01T10:53:59Z","event":"answer","id":"Q0012","state":"chosen","option":null,"note":"consecutive same suit cards in a straight column or height based line multiply their score together. no rows or diagonals.","override":true,"round":1}
{"seq":13,"at":"2026-09-01T10:54:18Z","event":"answer","id":"Q0013","state":"chosen","option":"b","note":"","override":false,"round":1}
{"seq":14,"at":"2026-09-01T10:54:34Z","event":"answer","id":"Q0014","state":"chosen","option":"b","note":"","override":false,"round":1}
{"seq":15,"at":"2026-09-01T10:56:00Z","event":"answer","id":"Q0015","state":"chosen","option":null,"note":"when played, locked in place and cannot be moved, but triples score of lines it is scored in","override":true,"round":1}
{"seq":16,"at":"2026-09-01T10:56:22Z","event":"answer","id":"Q0016","state":"chosen","option":"a","note":"","override":false,"round":1}
{"seq":17,"at":"2026-09-01T10:58:31Z","event":"answer","id":"Q0017","state":"chosen","option":null,"note":"tap to consume remaining cards from entrance, gaining rank equal to ranks consumed.","override":true,"round":1}
{"seq":18,"at":"2026-09-01T10:58:48Z","event":"answer","id":"Q0018","state":"chosen","option":"c","note":"","override":false,"round":1}
{"seq":19,"at":"2026-09-01T10:59:29Z","event":"answer","id":"Q0019","state":"chosen","option":"a","note":"","override":false,"round":1}
{"seq":20,"at":"2026-09-01T11:00:01Z","event":"answer","id":"Q0020","state":"chosen","option":"c","note":"","override":false,"round":1}
{"seq":21,"at":"2026-09-01T11:00:55Z","event":"answer","id":"Q0021","state":"chosen","option":"c","note":"","override":false,"round":1}
{"seq":22,"at":"2026-09-01T11:01:33Z","event":"answer","id":"Q0022","state":"chosen","option":"d","note":"","override":false,"round":1}
{"seq":23,"at":"2026-09-01T11:02:33Z","event":"answer","id":"Q0022","state":"chosen","option":null,"note":"skill, each score has 50% chance to be squared or square rooted.","override":true,"round":1}
{"seq":24,"at":"2026-09-01T11:05:59Z","event":"answer","id":"Q0023","state":"chosen","option":null,"note":"small chance to increase multiplier of any score, chance improves with each miss, resets on hit.","override":true,"round":1}
{"seq":25,"at":"2026-09-01T11:06:55Z","event":"answer","id":"Q0024","state":"chosen","option":"a","note":"","override":false,"round":1}
{"seq":26,"at":"2026-09-01T11:07:24Z","event":"answer","id":"Q0025","state":"chosen","option":"b","note":"","override":false,"round":1}
{"seq":27,"at":"2026-09-01T11:08:21Z","event":"answer","id":"Q0026","state":"chosen","option":"a","note":"","override":false,"round":1}
{"seq":28,"at":"2026-09-01T11:09:08Z","event":"answer","id":"Q0027","state":"chosen","option":"b","note":"","override":false,"round":1}
{"seq":29,"at":"2026-09-01T11:09:43Z","event":"answer","id":"Q0028","state":"chosen","option":"c","note":"","override":false,"round":1}
{"seq":30,"at":"2026-09-02T06:28:10Z","event":"answer","id":"Q0029","state":"chosen","option":null,"note":"tap to trigger rescore as if this card was just placed there again","override":true,"round":1}
{"seq":31,"at":"2026-09-03T01:40:24Z","event":"answer","id":"Q0030","state":"chosen","option":null,"note":"can be placed outside of grid as if grid is (n+1)x(n+1) size. Participates in melds as if meld is 6 long now.","override":true,"round":1}
{"seq":32,"at":"2026-09-03T01:41:11Z","event":"answer","id":"Q0031","state":"chosen","option":"b","note":"","override":false,"round":1}
{"seq":33,"at":"2026-09-03T01:42:35Z","event":"answer","id":"Q0032","state":"chosen","option":null,"note":"Triggers the skill once all grids are filled","override":true,"round":1}
{"seq":34,"at":"2026-09-03T01:43:57Z","event":"answer","id":"Q0033","state":"chosen","option":null,"note":"once grid is full, score entire grid as one meld.","override":true,"round":1}
{"seq":35,"at":"2026-09-03T08:48:51Z","event":"answer","id":"Q0034","state":"chosen","option":null,"note":"replay last effect that triggered, ignoring caps on limits it can be triggered for all cards impacted by the effect (possibly reduce limits first)","override":true,"round":1}
{"seq":36,"at":"2026-09-03T08:50:08Z","event":"answer","id":"Q0035","state":"chosen","option":"a","note":"","override":false,"round":1}
{"seq":37,"at":"2026-09-03T08:52:13Z","event":"answer","id":"Q0036","state":"chosen","option":null,"note":"when tapped, row and columns scores are averaged by their total first, at cost of half the current combo.","override":true,"round":1}
{"seq":38,"at":"2026-09-03T08:56:28Z","event":"answer","id":"Q0037","state":"chosen","option":null,"note":"points earned interacting with this card such as through melds are instead absorbed by the card, gaining interest between games. Tap before it absorbs any score to score the total absorbed amount into current game score, but can no longer absorb anything that game. Banked amount is never lost, it accumulates on rounds it is not used.","override":true,"round":1}
{"seq":39,"at":"2026-09-03T08:57:04Z","event":"answer","id":"Q0038","state":"chosen","option":"d","note":"","override":false,"round":1}
{"seq":40,"at":"2026-09-03T08:58:02Z","event":"answer","id":"Q0038","state":"chosen","option":"d","note":"This already exists through score labels and is hard-coded into game, making it a rule makes no sense since this is just UX.","override":false,"round":1}
{"seq":41,"at":"2026-09-03T08:58:07Z","event":"answer","id":"Q0038","state":"chosen","option":"d","note":"This already exists through score labels and is hard-coded into game, making it a rule makes no sense since this is just UX.","override":false,"round":1}
{"seq":42,"at":"2026-09-03T09:00:11Z","event":"answer","id":"Q0039","state":"chosen","option":null,"note":"scores large multiplier scaling based on amount of hazards/boss effects seen by this card","override":true,"round":1}
{"seq":43,"at":"2026-09-03T09:00:25Z","event":"answer","id":"Q0040","state":"chosen","option":"c","note":"","override":false,"round":1}
{"seq":44,"at":"2026-09-03T09:28:01Z","event":"answer","id":"Q0041","state":"chosen","option":null,"note":"raises multiplier by a lot if this is first card on a grid","override":true,"round":1}
{"seq":45,"at":"2026-09-03T09:51:33Z","event":"answer","id":"Q0042","state":"chosen","option":"c","note":"","override":false,"round":1}
{"seq":46,"at":"2026-09-03T09:55:01Z","event":"answer","id":"Q0043","state":"chosen","option":null,"note":"Duplicate the high card in the same meld as the card with this skill.","override":true,"round":1}
{"seq":47,"at":"2026-09-03T09:55:42Z","event":"answer","id":"Q0044","state":"chosen","option":"b","note":"","override":false,"round":1}
{"seq":48,"at":"2026-09-03T09:56:56Z","event":"answer","id":"Q0045","state":"chosen","option":"c","note":"","override":false,"round":1}
{"seq":49,"at":"2026-09-03T09:58:17Z","event":"answer","id":"Q0046","state":"chosen","option":null,"note":"permanent multiplier for consecutive meld different from the last one scored, resets if two same melds scored after each other","override":true,"round":1}
{"seq":50,"at":"2026-09-03T10:03:19Z","event":"answer","id":"Q0047","state":"chosen","option":null,"note":"on new refilled entrance, score all cards in entrance as a meld","override":true,"round":1}
{"seq":51,"at":"2026-09-03T10:04:03Z","event":"answer","id":"Q0048","state":"chosen","option":"a","note":"","override":false,"round":1}
{"seq":52,"at":"2026-09-03T10:05:59Z","event":"answer","id":"Q0048","state":"chosen","option":null,"note":"(a) Adds to the multiplier the number of times the scoring hand type has been played this run\nand can include variant to add number of times all scoring hands other than this type has been scired added to multiplier to reward diversity","override":true,"round":1}
{"seq":53,"at":"2026-09-03T10:16:37Z","event":"answer","id":"Q0049","state":"chosen","option":null,"note":"meld its a part of gets negative multiplier if equal or more odd ranks in its meld than even ranks. \n(can be a good counter to hazards that cause negative multipliers)","override":true,"round":1}
{"seq":54,"at":"2026-09-03T10:17:22Z","event":"answer","id":"Q0050","state":"chosen","option":"a","note":"","override":false,"round":1}
{"seq":55,"at":"2026-09-03T10:18:18Z","event":"answer","id":"Q0051","state":"chosen","option":"c","note":"","override":false,"round":1}
{"seq":56,"at":"2026-09-03T10:19:16Z","event":"answer","id":"Q0052","state":"chosen","option":"a","note":"","override":false,"round":1}
{"seq":57,"at":"2026-09-03T10:19:24Z","event":"answer","id":"Q0052","state":"chosen","option":"a","note":"","override":false,"round":1}
{"seq":58,"at":"2026-09-03T10:25:19Z","event":"answer","id":"Q0053","state":"chosen","option":null,"note":"when scored in a meld, jumps to closest cell in the grid that would not complete a line, otherwise hop once to closest cell and complete the meld without jumping again.","override":true,"round":1}
{"seq":59,"at":"2026-09-03T10:31:01Z","event":"answer","id":"Q0054","state":"chosen","option":null,"note":"skill, keep track of score of last meld. gain score based on difference between highest scored meld and last highest scored meld. rewards building up from low scores to high scores.","override":true,"round":1}
{"seq":60,"at":"2026-09-03T11:03:59Z","event":"answer","id":"Q0055","state":"chosen","option":null,"note":"prevents immediate scoring when meld containing this card is complete. Finally scores all connected melds containing this card when tapped.","override":true,"round":1}
{"seq":61,"at":"2026-09-03T11:04:36Z","event":"answer","id":"Q0055","state":"chosen","option":null,"note":"prevents immediate scoring when meld containing this card is complete. Finally scores all connected melds containing this card when tapped. gain points for each meld scored before being tapped.","override":true,"round":1}
{"seq":62,"at":"2026-09-03T11:26:28Z","event":"answer","id":"Q0056","state":"chosen","option":null,"note":"skill, when placed in grid, causes next skill B already in the grid that would trigger to be instead be tracked by the current skill A, preventing all triggers of B. Then when skill A is scored in a meld, trigger B for amount of times it was prevented from triggering times 2 and releasing it from skill A lock for future triggers.","override":true,"round":1}
{"seq":63,"at":"2026-09-03T11:27:16Z","event":"answer","id":"Q0057","state":"chosen","option":"a","note":"","override":false,"round":1}
{"seq":64,"at":"2026-09-03T11:27:52Z","event":"answer","id":"Q0058","state":"chosen","option":"c","note":"","override":false,"round":1}
{"seq":65,"at":"2026-09-03T11:30:03Z","event":"answer","id":"Q0058","state":"chosen","option":null,"note":"Moves away into open cell 1 away from current position instead of scoring, each dodge increases multiplier for meld it is eventually scored in. Once it has scored in a meld, it stops dodging.","override":true,"round":1}
{"seq":66,"at":"2026-09-03T11:37:05Z","event":"answer","id":"Q0059","state":"chosen","option":null,"note":"boss rule, you start with 3 patience, each entrance refill removes a patience, each scored meld refills a patience, lose if you run out of patience. goal is to force player to constantly form melds instead of delaying.","override":true,"round":1}
{"seq":67,"at":"2026-09-03T11:38:46Z","event":"answer","id":"Q0060","state":"chosen","option":"d","note":"","override":false,"round":1}
{"seq":68,"at":"2026-09-03T11:42:05Z","event":"answer","id":"Q0060","state":"chosen","option":null,"note":"if goal is already met, scored cards containing this card in new melds get their current type converted to gold type cards","override":true,"round":1}
{"seq":69,"at":"2026-09-03T12:10:18Z","event":"answer","id":"Q0061","state":"chosen","option":null,"note":"At end of show, this card increases rank by one and gets random stamp/seal/hat","override":true,"round":1}
{"seq":70,"at":"2026-09-16T04:10:46Z","event":"answer","id":"Q0062","state":"chosen","option":null,"note":"based on this idea, split it into 2 different effects, have card whose effect scores based on amount of non talent cards there are, and another whose effect scores based on amount of talent cards there are","override":true,"round":1}
{"seq":71,"at":"2026-09-16T04:12:12Z","event":"answer","id":"Q0063","state":"chosen","option":null,"note":"score of meld containing this skill is added to multiplier combo instead of to the flat point side.","override":true,"round":1}
{"seq":72,"at":"2026-09-16T07:11:08Z","event":"answer","id":"Q0064","state":"chosen","option":"d","note":"","override":false,"round":1}
{"seq":73,"at":"2026-09-16T07:14:18Z","event":"answer","id":"Q0065","state":"chosen","option":null,"note":"add +1 to flat point for every +1 in combo, basically matching the contribution","override":true,"round":1}
{"seq":74,"at":"2026-09-16T07:32:33Z","event":"answer","id":"Q0066","state":"chosen","option":"b","note":"alternate boss effect, every other entrance pass prevents any score from happening, but double score on other turn.","override":false,"round":1}
{"seq":75,"at":"2026-09-16T07:35:15Z","event":"answer","id":"Q0067","state":"chosen","option":null,"note":"skill, extra points for each card around this card that shares no similarity in rank suit skill","override":true,"round":1}
{"seq":76,"at":"2026-09-16T07:41:55Z","event":"answer","id":"Q0068","state":"chosen","option":null,"note":"skill, counts as 3 rank 1 cards in one for all purposes. original rank on the card is ignored","override":true,"round":1}
{"seq":77,"at":"2026-09-16T07:43:30Z","event":"answer","id":"Q0069","state":"chosen","option":null,"note":"if this card finishes a column, double its meld score","override":true,"round":1}
{"seq":78,"at":"2026-09-16T07:47:41Z","event":"answer","id":"Q0070","state":"chosen","option":"b","note":"","override":false,"round":1}
{"seq":79,"at":"2026-09-16T08:37:21Z","event":"answer","id":"Q0071","state":"chosen","option":"c","note":"","override":false,"round":1}
{"seq":80,"at":"2026-09-16T08:38:21Z","event":"answer","id":"Q0072","state":"chosen","option":"b","note":"","override":false,"round":1}
{"seq":81,"at":"2026-09-16T09:22:36Z","event":"answer","id":"Q0073","state":"chosen","option":null,"note":"this would make more sense as a stamp. repeat triggers are always fresh","override":true,"round":1}
{"seq":82,"at":"2026-09-16T09:22:46Z","event":"answer","id":"Q0073","state":"chosen","option":null,"note":"this would make more sense as a stamp. repeat triggers are always fresh on the attached card","override":true,"round":1}
{"seq":83,"at":"2026-09-16T09:26:03Z","event":"answer","id":"Q0074","state":"chosen","option":null,"note":"tap to absorb all future scoring on same board into this card. that score becomes that cards own score bonus when the card itself is scored. stops absorbing scores once its been scored at least once.","override":true,"round":1}
{"seq":84,"at":"2026-09-16T09:29:38Z","event":"answer","id":"Q0075","state":"chosen","option":null,"note":"would make more sense as a meld detector that detects when ranks in a line adds up to certain number. player should not be forced to calculate exact score a potential hand can get, but adding up ranks of cards is easy.","override":true,"round":1}
{"seq":85,"at":"2026-09-16T09:32:49Z","event":"answer","id":"Q0076","state":"chosen","option":"d","note":"simple ux/ui looking at a card causing effects makes no sense to me","override":false,"round":1}
{"seq":86,"at":"2026-09-16T09:40:53Z","event":"answer","id":"Q0077","state":"chosen","option":null,"note":"multiplier per distinct rank on the board","override":true,"round":1}
{"seq":87,"at":"2026-09-16T09:46:02Z","event":"answer","id":"Q0078","state":"chosen","option":null,"note":"melds scored after card placed that fills in last empty spot on a board gets bonus multiplier ","override":true,"round":1}
{"seq":88,"at":"2026-09-16T09:50:28Z","event":"answer","id":"Q0079","state":"chosen","option":null,"note":"worst hand is high card, so skill should be scores a bonus as the high card in high card meld. gains permanent bonus for amount of cards it is in the same meld with, but only scores its bonus if its the high card.","override":true,"round":1}
{"seq":89,"at":"2026-09-16T09:55:27Z","event":"answer","id":"Q0080","state":"chosen","option":null,"note":"meld checker, after a line is complete, score points based on highest and lowest ranked card in the line, scaling with their gap.","override":true,"round":1}
{"seq":90,"at":"2026-09-16T09:57:23Z","event":"answer","id":"Q0081","state":"chosen","option":null,"note":"this will trigger by default always since by definition every line of a grid will be scored under normal play.\nskill where score points based on amount of cards on board that participated in meld instead.","override":true,"round":1}
{"seq":91,"at":"2026-09-16T09:58:14Z","event":"answer","id":"Q0081","state":"chosen","option":null,"note":"this will trigger by default always since by definition every line of a grid will be scored under normal play.\nskill where score points based on amount of cards on board that participated in meld instead, rewarding hands and board where every single card participated. can count same card multiple times if used across different melds.","override":true,"round":1}
{"seq":92,"at":"2026-09-16T10:00:15Z","event":"answer","id":"Q0082","state":"chosen","option":null,"note":"skill, extra points for repeating same meld with different suit or ranks. for example flush cannot be same suit, straight cannot use same ranks, x of a kind cannot be same rank.","override":true,"round":1}
{"seq":93,"at":"2026-09-16T10:05:20Z","event":"answer","id":"Q0083","state":"chosen","option":null,"note":"scores multiplier based on amount of cards used from deck, scaling with larger decks and being drawn late","override":true,"round":1}
{"seq":94,"at":"2026-09-16T10:06:18Z","event":"answer","id":"Q0084","state":"chosen","option":null,"note":"scores multiplier if part of first meld created on the board","override":true,"round":1}
{"seq":95,"at":"2026-09-16T10:21:42Z","event":"answer","id":"Q0085","state":"chosen","option":"c","note":"","override":false,"round":1}
{"seq":96,"at":"2026-09-16T10:22:37Z","event":"answer","id":"Q0086","state":"chosen","option":"d","note":"no point scoring points if you already won","override":false,"round":1}
{"seq":97,"at":"2026-09-16T10:23:36Z","event":"answer","id":"Q0087","state":"chosen","option":"c","note":"","override":false,"round":1}
{"seq":98,"at":"2026-09-16T10:24:41Z","event":"answer","id":"Q0088","state":"chosen","option":"b","note":"skill not rule","override":false,"round":1}
{"seq":99,"at":"2026-09-16T10:36:34Z","event":"answer","id":"Q0089","state":"chosen","option":null,"note":"skill, tap to activate, next card you click on gets all cards of same rank scored as 1 meld and discarded from board","override":true,"round":1}
{"seq":100,"at":"2026-09-16T10:37:40Z","event":"answer","id":"Q0090","state":"chosen","option":"b","note":"should be a skill not rule. follows same rules as blackjack when scoring the meld since aces and faces count as 10","override":false,"round":1}
{"seq":101,"at":"2026-09-16T10:38:34Z","event":"answer","id":"Q0091","state":"chosen","option":"c","note":"skill","override":false,"round":1}
{"seq":102,"at":"2026-09-16T10:40:05Z","event":"answer","id":"Q0092","state":"chosen","option":"c","note":"skill","override":false,"round":1}
{"seq":103,"at":"2026-09-16T10:40:25Z","event":"answer","id":"Q0092","state":"chosen","option":"c","note":"skill instead, but this is a duplicate effect","override":false,"round":1}
{"seq":104,"at":"2026-09-16T10:42:15Z","event":"answer","id":"Q0093","state":"chosen","option":"a","note":"","override":false,"round":1}
{"seq":105,"at":"2026-09-16T10:43:03Z","event":"answer","id":"Q0094","state":"chosen","option":"c","note":"skill not rule","override":false,"round":1}
{"seq":106,"at":"2026-09-16T11:21:44Z","event":"answer","id":"Q0095","state":"chosen","option":null,"note":"skill, multiplier scaling based on unique suits on board","override":true,"round":1}
{"seq":107,"at":"2026-09-16T11:23:04Z","event":"answer","id":"Q0096","state":"chosen","option":"a","note":"","override":false,"round":1}
{"seq":108,"at":"2026-09-16T11:25:40Z","event":"answer","id":"Q0097","state":"chosen","option":null,"note":"skill, when board is filled in, score entire board as one meld\ndifferent skill idea, when placed, draw 1 from each entrance stock and score the hand, then discard it.","override":true,"round":1}
{"seq":109,"at":"2026-09-16T11:26:51Z","event":"answer","id":"Q0098","state":"chosen","option":null,"note":"skill, when placed immediately scores the lines it is in, using marks for empty cells","override":true,"round":1}
{"seq":110,"at":"2026-09-16T11:27:11Z","event":"answer","id":"Q0098","state":"chosen","option":null,"note":"skill, when placed immediately scores the lines it is in, using marks for empty cells","override":true,"round":1}
{"seq":111,"at":"2026-09-17T02:32:14Z","event":"answer","id":"Q0099","state":"chosen","option":null,"note":"skill, if added ranks of two cards add to 13, they can be matched, scored, and discarded. happens if one card is attempted to be stacked on another.","override":true,"round":1}
{"seq":112,"at":"2026-09-17T02:32:24Z","event":"answer","id":"Q0099","state":"chosen","option":null,"note":"skill, if added ranks of two cards add to 13, they can be matched, scored, and discarded. happens if one card is attempted to be stacked on another.","override":true,"round":1}
{"seq":113,"at":"2026-09-17T02:39:57Z","event":"answer","id":"Q0099","state":"chosen","option":"a","note":"skill, scores points for matching","override":false,"round":1}
{"seq":114,"at":"2026-09-17T02:40:06Z","event":"answer","id":"Q0100","state":"chosen","option":"c","note":"skill, if added ranks of two cards add to 13, they can be matched, scored, and discarded. happens if one card is attempted to be stacked on another.","override":false,"round":1}
{"seq":115,"at":"2026-09-17T02:40:21Z","event":"answer","id":"Q0101","state":"chosen","option":"c","note":"","override":false,"round":1}
{"seq":116,"at":"2026-09-17T02:42:59Z","event":"answer","id":"Q0102","state":"chosen","option":"b","note":"","override":false,"round":1}
{"seq":117,"at":"2026-09-17T02:43:03Z","event":"answer","id":"Q0102","state":"chosen","option":"b","note":"","override":false,"round":1}
{"seq":118,"at":"2026-09-17T02:43:07Z","event":"answer","id":"Q0102","state":"chosen","option":"b","note":"skill","override":false,"round":1}
{"seq":119,"at":"2026-09-17T02:45:18Z","event":"answer","id":"Q0103","state":"chosen","option":null,"note":"personal meld that scores whenever there is a combination of cards chained together orthogonally that adds to 15, so can score multiple times","override":true,"round":1}
{"seq":120,"at":"2026-09-17T03:08:03Z","event":"answer","id":"Q0104","state":"chosen","option":null,"note":"since having everything be same suit is easy to play around, i would rather reward variety in suits and ranks. so instead have skill that massively rewards grid having no cards with matching suit and rank.","override":true,"round":1}
{"seq":121,"at":"2026-09-17T03:08:33Z","event":"answer","id":"Q0106","state":"chosen","option":"c","note":"","override":false,"round":1}
{"seq":122,"at":"2026-09-17T04:28:47Z","event":"answer","id":"Q0107","state":"chosen","option":null,"note":"this is just 2 pair or 4 pair, already implemented. therefore should be skill that checks for 4 different pairs across entire board","override":true,"round":1}
{"seq":123,"at":"2026-09-17T04:29:11Z","event":"answer","id":"Q0108","state":"chosen","option":"a","note":"skill","override":false,"round":1}
