{"seq":1,"at":"2026-08-28T00:01:26Z","event":"answer","id":"QR1","state":"chosen","option":"c","note":"","override":false,"round":1}
{"seq":2,"at":"2026-08-28T00:01:41Z","event":"answer","id":"QR2","state":"chosen","option":"a","note":"","override":false,"round":1}
{"seq":3,"at":"2026-08-28T00:02:36Z","event":"answer","id":"QR3","state":"chosen","option":"a","note":"","override":false,"round":1}
{"seq":4,"at":"2026-08-28T00:03:10Z","event":"answer","id":"QR4","state":"chosen","option":"a","note":"","override":false,"round":1}
{"seq":5,"at":"2026-08-28T00:03:19Z","event":"answer","id":"QR4","state":"chosen","option":"a","note":"","override":false,"round":1}
{"seq":6,"at":"2026-08-28T00:03:38Z","event":"answer","id":"Q1","state":"chosen","option":"a","note":"","override":false,"round":1}
{"seq":7,"at":"2026-08-28T00:03:58Z","event":"answer","id":"Q2","state":"chosen","option":"a","note":"","override":false,"round":1}
{"seq":8,"at":"2026-08-28T00:04:14Z","event":"answer","id":"Q3","state":"chosen","option":"a","note":"","override":false,"round":1}
{"seq":9,"at":"2026-08-28T00:04:45Z","event":"answer","id":"Q4","state":"chosen","option":"a","note":"","override":false,"round":1}
{"seq":10,"at":"2026-08-28T00:04:57Z","event":"answer","id":"Q5","state":"chosen","option":"a","note":"","override":false,"round":1}
{"seq":11,"at":"2026-08-28T00:05:26Z","event":"answer","id":"Q6","state":"chosen","option":"a","note":"","override":false,"round":1}
{"seq":12,"at":"2026-08-28T00:05:34Z","event":"answer","id":"Q6","state":"chosen","option":"a","note":"","override":false,"round":1}
{"seq":13,"at":"2026-08-28T00:06:09Z","event":"answer","id":"Q7","state":"chosen","option":"a","note":"","override":false,"round":1}
{"seq":14,"at":"2026-08-28T00:06:32Z","event":"answer","id":"Q8","state":"chosen","option":"a","note":"","override":false,"round":1}
{"seq":15,"at":"2026-08-28T00:06:36Z","event":"answer","id":"Q9","state":"chosen","option":"a","note":"","override":false,"round":1}
{"seq":16,"at":"2026-08-28T00:08:12Z","event":"answer","id":"Q10","state":"chosen","option":"b","note":"","override":false,"round":1}
{"seq":17,"at":"2026-08-28T00:08:22Z","event":"answer","id":"Q37","state":"chosen","option":"a","note":"","override":false,"round":1}
{"seq":18,"at":"2026-08-28T00:08:36Z","event":"answer","id":"Q11","state":"chosen","option":"a","note":"","override":false,"round":1}
{"seq":19,"at":"2026-08-28T00:08:56Z","event":"answer","id":"Q12","state":"chosen","option":"a","note":"","override":false,"round":1}
{"seq":20,"at":"2026-08-28T00:09:20Z","event":"answer","id":"Q13","state":"chosen","option":"a","note":"","override":false,"round":1}
{"seq":21,"at":"2026-08-28T00:09:37Z","event":"answer","id":"Q13","state":"chosen","option":"a","note":"","override":false,"round":1}
{"seq":22,"at":"2026-08-28T00:09:49Z","event":"answer","id":"Q14","state":"chosen","option":"a","note":"","override":false,"round":1}
{"seq":23,"at":"2026-08-28T00:09:55Z","event":"answer","id":"Q15","state":"chosen","option":"a","note":"","override":false,"round":1}
{"seq":24,"at":"2026-08-28T00:10:07Z","event":"answer","id":"Q16","state":"chosen","option":"a","note":"","override":false,"round":1}
{"seq":25,"at":"2026-08-28T00:10:14Z","event":"answer","id":"Q17","state":"chosen","option":"a","note":"","override":false,"round":1}
{"seq":26,"at":"2026-08-28T00:10:30Z","event":"answer","id":"Q18","state":"chosen","option":"b","note":"","override":false,"round":1}
{"seq":27,"at":"2026-08-28T00:11:02Z","event":"answer","id":"Q19","state":"chosen","option":"a","note":"","override":false,"round":1}
{"seq":28,"at":"2026-08-28T00:11:19Z","event":"answer","id":"Q20","state":"chosen","option":"a","note":"","override":false,"round":1}
{"seq":29,"at":"2026-08-28T00:11:26Z","event":"answer","id":"Q21","state":"chosen","option":"a","note":"","override":false,"round":1}
{"seq":30,"at":"2026-08-28T00:12:15Z","event":"answer","id":"Q22","state":"chosen","option":"a","note":"","override":false,"round":1}
{"seq":31,"at":"2026-08-28T00:12:58Z","event":"answer","id":"Q35","state":"chosen","option":"b","note":"","override":false,"round":1}
{"seq":32,"at":"2026-08-28T00:13:36Z","event":"answer","id":"Q23","state":"chosen","option":"c","note":"","override":false,"round":1}
{"seq":33,"at":"2026-08-28T00:14:05Z","event":"answer","id":"Q24","state":"chosen","option":"a","note":"","override":false,"round":1}
{"seq":34,"at":"2026-08-28T00:14:28Z","event":"answer","id":"Q25","state":"chosen","option":"a","note":"","override":false,"round":1}
{"seq":35,"at":"2026-08-28T00:14:57Z","event":"answer","id":"Q26","state":"chosen","option":"a","note":"","override":false,"round":1}
{"seq":36,"at":"2026-08-28T00:15:07Z","event":"answer","id":"Q27","state":"chosen","option":"a","note":"","override":false,"round":1}
{"seq":37,"at":"2026-08-28T00:15:17Z","event":"answer","id":"Q28","state":"chosen","option":"a","note":"","override":false,"round":1}
{"seq":38,"at":"2026-08-28T00:15:20Z","event":"answer","id":"Q29","state":"chosen","option":"a","note":"","override":false,"round":1}
{"seq":39,"at":"2026-08-28T00:15:28Z","event":"answer","id":"Q30","state":"chosen","option":"a","note":"","override":false,"round":1}
{"seq":40,"at":"2026-08-28T00:15:40Z","event":"answer","id":"Q31","state":"chosen","option":"b","note":"","override":false,"round":1}
{"seq":41,"at":"2026-08-28T00:15:53Z","event":"answer","id":"Q32","state":"chosen","option":"a","note":"","override":false,"round":1}
