{"seq":1,"at":"2026-09-10T01:18:11Z","event":"answer","id":"QR1","state":"chosen","option":"e","note":"Told in chat: \"If deck does not have enough cards to fill up grid, choose again from existing decks, such that board may have multiple ghost copies of 1 card.\"","override":false,"round":1}
{"seq":2,"at":"2026-09-10T01:18:14Z","event":"answer","id":"Q1","state":"chosen","option":"b","note":"Follows from QR1=(e): a 20-card deck deals again from the top, so five cards hold two cells.","override":false,"round":1}
{"seq":3,"at":"2026-09-10T01:18:17Z","event":"answer","id":"Q93","state":"chosen","option":"b","note":"Told in chat: \"having it be evenly distributed across entrance will feel more fair, since it increases breadth and prevents edge cases such as all ghost cards coming from one slot. lets go with that over choosing across whole deck.\"","override":false,"round":1}
{"seq":4,"at":"2026-09-10T01:18:20Z","event":"answer","id":"Q99","state":"chosen","option":"a","note":"Told in chat: \"this does mean that grid cells must be randomly chosen for next random ghost card to prevent a round robin situation where copies always end up in the same position on the grid.\"","override":false,"round":1}
{"seq":5,"at":"2026-09-10T01:51:25Z","event":"answer","id":"QR2","state":"chosen","option":"a","note":"","override":false,"round":1}
{"seq":6,"at":"2026-09-10T01:52:03Z","event":"answer","id":"QR3","state":"chosen","option":"a","note":"","override":false,"round":1}
{"seq":7,"at":"2026-09-10T02:17:03Z","event":"answer","id":"Q33","state":"chosen","option":"b","note":"","override":false,"round":1}
{"seq":8,"at":"2026-09-10T02:17:50Z","event":"answer","id":"Q34","state":"chosen","option":"a","note":"","override":false,"round":1}
{"seq":9,"at":"2026-09-10T02:20:10Z","event":"answer","id":"Q35","state":"chosen","option":null,"note":"flat mult bonus always, even for effects that have upgraded form.","override":true,"round":1}
{"seq":10,"at":"2026-09-10T02:21:32Z","event":"answer","id":"Q36","state":"chosen","option":null,"note":"flat mult bonus same as talent.","override":true,"round":1}
{"seq":11,"at":"2026-09-10T02:21:39Z","event":"answer","id":"Q37","state":"chosen","option":"a","note":"","override":false,"round":1}
{"seq":12,"at":"2026-09-10T02:21:56Z","event":"answer","id":"QR4","state":"chosen","option":"a","note":"","override":false,"round":1}
{"seq":13,"at":"2026-09-10T02:23:22Z","event":"answer","id":"Q46","state":"chosen","option":null,"note":"both hooks for now, but mark is a bad name for this.","override":true,"round":1}
{"seq":14,"at":"2026-09-10T02:29:35Z","event":"answer","id":"Q47","state":"chosen","option":"a","note":"","override":false,"round":1}
{"seq":15,"at":"2026-09-10T02:33:54Z","event":"answer","id":"Q48","state":"chosen","option":"b","note":"","override":false,"round":1}
{"seq":16,"at":"2026-09-10T02:59:03Z","event":"answer","id":"Q49","state":"chosen","option":"a","note":"","override":false,"round":1}
{"seq":17,"at":"2026-09-10T03:01:33Z","event":"answer","id":"Q50","state":"chosen","option":"c","note":"","override":false,"round":1}
{"seq":18,"at":"2026-09-10T03:01:50Z","event":"answer","id":"Q51","state":"chosen","option":"a","note":"","override":false,"round":1}
{"seq":19,"at":"2026-09-10T03:02:42Z","event":"answer","id":"Q52","state":"chosen","option":"b","note":"","override":false,"round":1}
{"seq":20,"at":"2026-09-10T03:02:57Z","event":"answer","id":"Q53","state":"chosen","option":"a","note":"","override":false,"round":1}
{"seq":21,"at":"2026-09-10T03:03:17Z","event":"answer","id":"Q54","state":"chosen","option":"a","note":"","override":false,"round":1}
{"seq":22,"at":"2026-09-10T03:03:43Z","event":"answer","id":"QR5","state":"chosen","option":"c","note":"","override":false,"round":1}
{"seq":23,"at":"2026-09-10T03:04:11Z","event":"answer","id":"QR6","state":"chosen","option":"a","note":"","override":false,"round":1}
{"seq":24,"at":"2026-09-10T03:09:52Z","event":"answer","id":"QR7","state":"chosen","option":null,"note":"the composition\nmark\nhitting the mark\n(didnt know hitting the mark was official term, so am okay with mark terminology now)","override":true,"round":1}
{"seq":25,"at":"2026-09-10T03:10:13Z","event":"answer","id":"Q2","state":"chosen","option":"a","note":"","override":false,"round":1}
{"seq":26,"at":"2026-09-10T03:17:46Z","event":"answer","id":"Q3","state":"chosen","option":"a","note":"","override":false,"round":1}
{"seq":27,"at":"2026-09-10T03:21:30Z","event":"answer","id":"Q3","state":"chosen","option":"a","note":"","override":false,"round":1}
{"seq":28,"at":"2026-09-10T03:22:11Z","event":"answer","id":"Q4","state":"chosen","option":"b","note":"","override":false,"round":1}
{"seq":29,"at":"2026-09-10T03:22:18Z","event":"answer","id":"Q5","state":"chosen","option":"a","note":"","override":false,"round":1}
{"seq":30,"at":"2026-09-10T03:22:33Z","event":"answer","id":"Q6","state":"chosen","option":"a","note":"","override":false,"round":1}
{"seq":31,"at":"2026-09-10T03:22:51Z","event":"answer","id":"Q8","state":"chosen","option":"a","note":"","override":false,"round":1}
{"seq":32,"at":"2026-09-10T03:23:24Z","event":"answer","id":"Q96","state":"chosen","option":"a","note":"","override":false,"round":1}
{"seq":33,"at":"2026-09-10T03:23:51Z","event":"answer","id":"Q100","state":"chosen","option":"a","note":"","override":false,"round":1}
{"seq":34,"at":"2026-09-10T03:24:07Z","event":"answer","id":"Q101","state":"chosen","option":"a","note":"","override":false,"round":1}
{"seq":35,"at":"2026-09-10T03:24:27Z","event":"answer","id":"Q102","state":"chosen","option":"a","note":"","override":false,"round":1}
{"seq":36,"at":"2026-09-10T03:27:06Z","event":"answer","id":"Q9","state":"chosen","option":null,"note":"across all existing grids at once after grid sizes are known. each grid gets its marks from the same stock. such that 2 5x5 grids use 50 different cards from the same stock, such that 50 out of 52 cards of the deck appear marked on the 2 different grids with no reused cards for marking.","override":true,"round":1}
{"seq":37,"at":"2026-09-10T03:27:33Z","event":"answer","id":"Q10","state":"chosen","option":"a","note":"","override":false,"round":1}
{"seq":38,"at":"2026-09-10T03:27:48Z","event":"answer","id":"Q11","state":"chosen","option":"a","note":"","override":false,"round":1}
{"seq":39,"at":"2026-09-10T03:28:11Z","event":"answer","id":"Q12","state":"chosen","option":"a","note":"","override":false,"round":1}
{"seq":40,"at":"2026-09-10T04:11:15Z","event":"answer","id":"Q13","state":"chosen","option":"b","note":"depends on the board","override":false,"round":1}
{"seq":41,"at":"2026-09-10T04:15:20Z","event":"answer","id":"Q14","state":"chosen","option":"a","note":"","override":false,"round":1}
{"seq":42,"at":"2026-09-10T04:27:00Z","event":"answer","id":"Q15","state":"chosen","option":"b","note":"","override":false,"round":1}
{"seq":43,"at":"2026-09-10T04:28:00Z","event":"answer","id":"Q16","state":"chosen","option":"a","note":"","override":false,"round":1}
{"seq":44,"at":"2026-09-10T04:28:12Z","event":"answer","id":"Q17","state":"chosen","option":"b","note":"","override":false,"round":1}
{"seq":45,"at":"2026-09-10T04:28:28Z","event":"answer","id":"Q18","state":"chosen","option":"a","note":"","override":false,"round":1}
{"seq":46,"at":"2026-09-10T04:28:46Z","event":"answer","id":"Q19","state":"chosen","option":"a","note":"","override":false,"round":1}
{"seq":47,"at":"2026-09-10T04:29:21Z","event":"answer","id":"Q19","state":"chosen","option":null,"note":"yes on inspection, also needs to include mode to view board by layers, such that the mark cards making up grid is viewable even when everything is covered.","override":true,"round":1}
{"seq":48,"at":"2026-09-10T04:29:34Z","event":"answer","id":"Q20","state":"chosen","option":"a","note":"","override":false,"round":1}
{"seq":49,"at":"2026-09-10T04:34:41Z","event":"answer","id":"Q41","state":"chosen","option":"a","note":"","override":false,"round":1}
{"seq":50,"at":"2026-09-10T04:35:39Z","event":"answer","id":"Q21","state":"chosen","option":"a","note":"","override":false,"round":1}
{"seq":51,"at":"2026-09-10T04:38:45Z","event":"answer","id":"Q22","state":"chosen","option":"a","note":"","override":false,"round":1}
{"seq":52,"at":"2026-09-10T04:41:07Z","event":"answer","id":"Q23","state":"chosen","option":"a","note":"","override":false,"round":1}
{"seq":53,"at":"2026-09-10T04:48:34Z","event":"answer","id":"Q24","state":"chosen","option":null,"note":"meld score should be a base. flush double can only multiply base value and should not have any insight to bonuses. \ntake base meld score, then add additional rank bonuses, with any mult done after all flat bonuses have been added. all mult can be added together basically.","override":true,"round":1}
{"seq":54,"at":"2026-09-10T04:50:31Z","event":"answer","id":"Q25","state":"chosen","option":null,"note":"only cards part of a meld can score their meld bonuses.","override":true,"round":1}
{"seq":55,"at":"2026-09-10T04:54:11Z","event":"answer","id":"Q26","state":"chosen","option":null,"note":"its value rounded up, if it doesnt have a value convertable to int, a flat amount like 10.","override":true,"round":1}
{"seq":56,"at":"2026-09-10T04:54:20Z","event":"answer","id":"Q27","state":"chosen","option":"a","note":"","override":false,"round":1}
{"seq":57,"at":"2026-09-10T04:54:24Z","event":"answer","id":"Q27","state":"chosen","option":"a","note":"","override":false,"round":1}
{"seq":58,"at":"2026-09-10T04:55:00Z","event":"answer","id":"Q27","state":"chosen","option":null,"note":"ace can be worth 10","override":true,"round":1}
{"seq":59,"at":"2026-09-10T05:05:57Z","event":"answer","id":"Q28","state":"chosen","option":"d","note":"","override":false,"round":1}
{"seq":60,"at":"2026-09-10T05:06:07Z","event":"answer","id":"Q30","state":"chosen","option":"b","note":"","override":false,"round":1}
{"seq":61,"at":"2026-09-10T05:07:07Z","event":"answer","id":"Q30","state":"chosen","option":"b","note":"","override":false,"round":1}
{"seq":62,"at":"2026-09-10T05:07:46Z","event":"answer","id":"Q87","state":"chosen","option":null,"note":"the suit pip effect itself is suppressed unless on top of a matching suit mark. if it matches, effect triggers normally.","override":true,"round":1}
{"seq":63,"at":"2026-09-10T05:12:33Z","event":"answer","id":"Q42","state":"chosen","option":"b","note":"","override":false,"round":1}
{"seq":64,"at":"2026-09-10T05:13:30Z","event":"answer","id":"Q44","state":"chosen","option":"b","note":"","override":false,"round":1}
{"seq":65,"at":"2026-09-10T06:29:45Z","event":"answer","id":"Q45","state":"chosen","option":"d","note":"","override":false,"round":1}
{"seq":66,"at":"2026-09-10T06:29:52Z","event":"answer","id":"Q55","state":"chosen","option":"a","note":"","override":false,"round":1}
{"seq":67,"at":"2026-09-10T06:31:59Z","event":"answer","id":"Q56","state":"chosen","option":"a","note":"","override":false,"round":1}
{"seq":68,"at":"2026-09-10T06:38:45Z","event":"answer","id":"Q57","state":"chosen","option":"a","note":"","override":false,"round":1}
{"seq":69,"at":"2026-09-10T06:51:22Z","event":"answer","id":"Q58","state":"chosen","option":"a","note":"","override":false,"round":1}
{"seq":70,"at":"2026-09-10T06:51:58Z","event":"answer","id":"Q59","state":"chosen","option":"a","note":"","override":false,"round":1}
{"seq":71,"at":"2026-09-10T06:52:11Z","event":"answer","id":"Q60","state":"chosen","option":"a","note":"","override":false,"round":1}
{"seq":72,"at":"2026-09-10T06:52:30Z","event":"answer","id":"Q61","state":"chosen","option":"b","note":"","override":false,"round":1}
{"seq":73,"at":"2026-09-10T06:52:35Z","event":"answer","id":"Q62","state":"chosen","option":"a","note":"","override":false,"round":1}
{"seq":74,"at":"2026-09-10T06:53:26Z","event":"answer","id":"Q63","state":"chosen","option":"d","note":"","override":false,"round":1}
{"seq":75,"at":"2026-09-10T06:53:58Z","event":"answer","id":"Q63","state":"chosen","option":"d","note":"needs to be faded out like a ghostly outline, gray version. therefore does not have to fit palette exactly","override":false,"round":1}
{"seq":76,"at":"2026-09-10T06:54:59Z","event":"answer","id":"Q64","state":"chosen","option":null,"note":"activated art gets special outline, pips get their outline replaced with a different version to indicate activated","override":true,"round":1}
{"seq":77,"at":"2026-09-10T06:55:13Z","event":"answer","id":"Q65","state":"chosen","option":"a","note":"","override":false,"round":1}
{"seq":78,"at":"2026-09-10T06:55:50Z","event":"answer","id":"Q66","state":"chosen","option":"a","note":"effects that would apply get highlighted in selection","override":false,"round":1}
{"seq":79,"at":"2026-09-10T06:56:23Z","event":"answer","id":"Q67","state":"chosen","option":null,"note":"each art in card has an outline already, selection takes over the outline to show which ones match","override":true,"round":1}
{"seq":80,"at":"2026-09-10T06:57:56Z","event":"answer","id":"Q68","state":"chosen","option":null,"note":"each partial art has its own outline that highlights","override":true,"round":1}
{"seq":81,"at":"2026-09-10T06:59:03Z","event":"answer","id":"Q69","state":"chosen","option":"a","note":"","override":false,"round":1}
{"seq":82,"at":"2026-09-10T08:47:29Z","event":"answer","id":"Q70","state":"chosen","option":null,"note":"no idea what you mean by fate. matching properties gets highlighted and thats it","override":true,"round":1}
{"seq":83,"at":"2026-09-10T08:47:57Z","event":"answer","id":"Q71","state":"chosen","option":"b","note":"","override":false,"round":1}
{"seq":84,"at":"2026-09-10T08:48:24Z","event":"answer","id":"Q72","state":"chosen","option":"c","note":"","override":false,"round":1}
{"seq":85,"at":"2026-09-10T08:48:36Z","event":"answer","id":"Q73","state":"chosen","option":"a","note":"","override":false,"round":1}
{"seq":86,"at":"2026-09-10T08:48:52Z","event":"answer","id":"Q74","state":"chosen","option":"a","note":"","override":false,"round":1}
{"seq":87,"at":"2026-09-10T08:50:15Z","event":"answer","id":"Q75","state":"chosen","option":"b","note":"","override":false,"round":1}
{"seq":88,"at":"2026-09-10T08:52:09Z","event":"answer","id":"Q76","state":"chosen","option":"c","note":"","override":false,"round":1}
{"seq":89,"at":"2026-09-10T08:53:39Z","event":"answer","id":"Q77","state":"chosen","option":"a","note":"","override":false,"round":1}
{"seq":90,"at":"2026-09-10T08:59:18Z","event":"answer","id":"Q78","state":"chosen","option":null,"note":"sure you can add tests that test non square grids, like adding 1 extra cell at every 5x5 edge one by one at random locations. new cells should randomly choose new mark from deck that hasnt been used as a mark yet, evenly distributed across stocks too.","override":true,"round":1}
{"seq":91,"at":"2026-09-10T09:00:49Z","event":"answer","id":"Q79","state":"chosen","option":null,"note":"out of scope, already in the sidebar design plan which will run first","override":true,"round":1}
{"seq":92,"at":"2026-09-10T09:00:59Z","event":"answer","id":"Q80","state":"chosen","option":"a","note":"","override":false,"round":1}
{"seq":93,"at":"2026-09-10T09:01:51Z","event":"answer","id":"Q81","state":"chosen","option":null,"note":"a possible future card that saves what you actually played that game on the board as new plan","override":true,"round":1}
{"seq":94,"at":"2026-09-10T09:01:56Z","event":"answer","id":"Q82","state":"chosen","option":"a","note":"","override":false,"round":1}
{"seq":95,"at":"2026-09-10T09:16:21Z","event":"answer","id":"Q103","state":"chosen","option":"a","note":"by default, different effects/marks being hit shouldnt be some sort of blocker for other marks being hit. your insistence that hitting talent mark unlocks suit mark makes zero sense to me. hitting talent mark triggers effects based on talent, and hitting suit mark triggers effects based on the suit.","override":false,"round":2}
{"seq":96,"at":"2026-09-10T09:17:47Z","event":"answer","id":"Q104","state":"chosen","option":"a","note":"","override":false,"round":2}
{"seq":97,"at":"2026-09-10T09:18:54Z","event":"answer","id":"Q105","state":"chosen","option":"b","note":"","override":false,"round":2}
{"seq":98,"at":"2026-09-10T09:19:21Z","event":"answer","id":"Q106","state":"chosen","option":"a","note":"","override":false,"round":2}
{"seq":99,"at":"2026-09-10T09:20:02Z","event":"answer","id":"Q107","state":"chosen","option":"a","note":"","override":false,"round":2}
{"seq":100,"at":"2026-09-10T09:21:11Z","event":"answer","id":"Q108","state":"chosen","option":"a","note":"","override":false,"round":2}
{"seq":101,"at":"2026-09-10T09:21:27Z","event":"answer","id":"Q109","state":"chosen","option":"a","note":"","override":false,"round":2}
{"seq":102,"at":"2026-09-10T09:21:47Z","event":"answer","id":"Q110","state":"chosen","option":"a","note":"","override":false,"round":2}
{"seq":103,"at":"2026-09-10T09:22:58Z","event":"answer","id":"Q111","state":"chosen","option":null,"note":"mark is fine, i found out after i made that comment that mark is official terminology for stage choreography since thats what they call marks on the floor\non_mark_hit would be fine","override":true,"round":2}
{"seq":104,"at":"2026-09-10T09:26:01Z","event":"answer","id":"Q112","state":"chosen","option":null,"note":"all four. should be same size as a normal card.","override":true,"round":2}
{"seq":105,"at":"2026-09-10T09:26:52Z","event":"answer","id":"Q113","state":"chosen","option":"b","note":"","override":false,"round":2}
{"seq":106,"at":"2026-09-10T09:27:11Z","event":"answer","id":"Q115","state":"chosen","option":"a","note":"","override":false,"round":2}
{"seq":107,"at":"2026-09-10T09:27:23Z","event":"answer","id":"Q116","state":"chosen","option":"b","note":"","override":false,"round":2}
{"seq":108,"at":"2026-09-10T09:27:32Z","event":"answer","id":"Q117","state":"chosen","option":"c","note":"","override":false,"round":2}
{"seq":109,"at":"2026-09-10T09:29:12Z","event":"answer","id":"Q75","state":"chosen","option":"a","note":"Follows from your Q103=(a), which says so on the option line: with suit effects firing only on a matched suit mark, the plan is a scoring DRIVER, not a garnish. Your Q103 note: 'by default, different effects/marks being hit shouldnt be some sort of blocker for other marks being hit. your insistence that hitting talent mark unlocks suit mark makes zero sense to me. hitting talent mark triggers effects based on talent, and hitting suit mark triggers effects based on the suit.'","override":false,"round":2}
{"seq":110,"at":"2026-09-10T09:37:47Z","event":"answer","id":"Q118","state":"chosen","option":null,"note":"no. flush x2 is part of the poker scoring system. scoring a meld should return the score of that hand only, with no knowledge that it used multiplication internally to arrive at that score, since returned score should be a flat amount with no hint to how score was arrived at. meld score should therefore be ((hand score) + (bonus scores)) x (bonus mults) The fact that this is being discussed at all implies an abstraction leak.","override":true,"round":3}
{"seq":111,"at":"2026-09-10T09:39:56Z","event":"answer","id":"Q104","state":"chosen","option":"d","note":"flush x2 is part of the poker scoring system. scoring a meld should return the score of that hand only, with no knowledge that it used multiplication internally to arrive at that score, since returned score should be a flat amount with no hint to how score was arrived at. meld score should therefore be ((hand score) + (bonus scores)) x (bonus mults) The fact that this is being discussed at all implies an abstraction leak. this is same for other melds.","override":false,"round":3}
{"seq":112,"at":"2026-09-10T09:39:56Z","event":"strand","ids":["Q105","Q106"],"cause":"Q104","active":false}
{"seq":113,"at":"2026-09-10T09:40:47Z","event":"answer","id":"Q104","state":"chosen","option":"d","note":"flush x2 is part of the poker scoring system. scoring a meld should return the score of that hand only, with no knowledge that it used multiplication internally to arrive at that score, since returned score should be a flat amount with no hint to how score was arrived at. meld score should therefore be ((hand score) + (bonus scores)) x (bonus mults) The fact that this is being discussed at all implies an abstraction leak. this is same for other melds.","override":false,"round":3}
{"seq":114,"at":"2026-09-10T09:40:47Z","event":"restore","ids":["Q105","Q106"],"cause":"Q104","active":true}
{"seq":115,"at":"2026-09-10T09:40:50Z","event":"answer","id":"Q105","state":"chosen","option":"b","note":"Restored after Q104 gained option (d): the gate was widened to a|b|d so this answer was never thrown away.","override":false,"round":3}
{"seq":116,"at":"2026-09-10T09:40:52Z","event":"answer","id":"Q106","state":"chosen","option":"a","note":"Restored after Q104 gained option (d): the gate was widened to a|b|d so this answer was never thrown away.","override":false,"round":3}
{"seq":117,"at":"2026-09-10T09:43:56Z","event":"answer","id":"Q120","state":"chosen","option":"c","note":"","override":false,"round":3}
{"seq":118,"at":"2026-09-10T09:52:01Z","event":"answer","id":"Q121","state":"chosen","option":"a","note":"","override":false,"round":4}
{"seq":119,"at":"2026-09-10T09:55:50Z","event":"answer","id":"Q122","state":"chosen","option":null,"note":"ideally two x2 should be a x4. +2 to mult, do not multiply 0 ever similar to current overall scoring system.","override":true,"round":4}
