{"seq":1,"at":"2026-08-10T02:08:13Z","event":"answer","id":"QR1","state":"chosen","option":"b","note":"","override":false,"round":1}
{"seq":2,"at":"2026-08-10T02:14:42Z","event":"answer","id":"Q1","state":"chosen","option":"a","note":"","override":false,"round":1}
{"seq":3,"at":"2026-08-10T02:15:40Z","event":"answer","id":"Q2","state":"chosen","option":"a","note":"","override":false,"round":1}
{"seq":4,"at":"2026-08-10T02:16:08Z","event":"answer","id":"Q3","state":"chosen","option":"a","note":"","override":false,"round":1}
{"seq":5,"at":"2026-08-10T02:16:52Z","event":"answer","id":"Q5","state":"chosen","option":"a","note":"","override":false,"round":1}
{"seq":6,"at":"2026-08-10T02:17:05Z","event":"answer","id":"Q10","state":"chosen","option":"a","note":"","override":false,"round":1}
{"seq":7,"at":"2026-08-10T02:17:23Z","event":"answer","id":"Q11","state":"chosen","option":"a","note":"","override":false,"round":1}
{"seq":8,"at":"2026-08-10T02:20:31Z","event":"answer","id":"Q12","state":"chosen","option":"a","note":"as long as resulting merged group is legal according to the rules","override":false,"round":1}
{"seq":9,"at":"2026-08-10T02:22:47Z","event":"answer","id":"Q13","state":"chosen","option":null,"note":"I assume this would be an effect that removes certain cards from being allowed in meld? assuming an actual no grouping would be 1 group of 1 card per card in meld. If mod is basically saying, ignore all cards in this hand, no meld possible, then allow it.","override":true,"round":1}
{"seq":10,"at":"2026-08-10T02:24:21Z","event":"answer","id":"Q14","state":"chosen","option":null,"note":"Why not? if a mod purposely adds an extra invisible card or chooses an existing card on the board to participate in the meld as well, why reject it?","override":true,"round":1}
{"seq":11,"at":"2026-08-10T02:31:44Z","event":"answer","id":"Q15","state":"chosen","option":"b","note":"","override":false,"round":1}
{"seq":12,"at":"2026-08-10T02:32:05Z","event":"answer","id":"Q16","state":"chosen","option":"a","note":"","override":false,"round":1}
{"seq":13,"at":"2026-08-10T02:32:19Z","event":"answer","id":"Q17","state":"chosen","option":"a","note":"","override":false,"round":1}
{"seq":14,"at":"2026-08-10T02:32:30Z","event":"answer","id":"Q18","state":"chosen","option":"a","note":"","override":false,"round":1}
{"seq":15,"at":"2026-08-10T02:32:50Z","event":"answer","id":"Q19","state":"chosen","option":"b","note":"","override":false,"round":1}
{"seq":16,"at":"2026-08-10T02:34:48Z","event":"answer","id":"Q20","state":"chosen","option":"c","note":"","override":false,"round":1}
{"seq":17,"at":"2026-08-10T02:34:59Z","event":"answer","id":"Q21","state":"chosen","option":"a","note":"","override":false,"round":1}
{"seq":18,"at":"2026-08-10T02:35:15Z","event":"answer","id":"Q23","state":"chosen","option":"b","note":"","override":false,"round":1}
{"seq":19,"at":"2026-08-10T02:36:11Z","event":"answer","id":"Q25","state":"chosen","option":"a","note":"","override":false,"round":1}
{"seq":20,"at":"2026-08-10T02:36:18Z","event":"answer","id":"Q26","state":"chosen","option":"a","note":"","override":false,"round":1}
{"seq":21,"at":"2026-08-10T02:36:32Z","event":"answer","id":"Q27","state":"chosen","option":"a","note":"","override":false,"round":1}
{"seq":22,"at":"2026-08-10T02:38:04Z","event":"answer","id":"Q30","state":"chosen","option":"a","note":"","override":false,"round":1}
{"seq":23,"at":"2026-08-10T02:39:48Z","event":"answer","id":"Q34","state":"chosen","option":"a","note":"","override":false,"round":1}
{"seq":24,"at":"2026-08-10T02:40:29Z","event":"answer","id":"Q40","state":"chosen","option":"b","note":"","override":false,"round":1}
{"seq":25,"at":"2026-08-10T02:41:34Z","event":"answer","id":"Q41","state":"chosen","option":null,"note":"cache everything except cards that consult rng then","override":true,"round":1}
{"seq":26,"at":"2026-08-10T02:41:48Z","event":"answer","id":"Q42","state":"chosen","option":"a","note":"","override":false,"round":1}
{"seq":27,"at":"2026-08-10T02:42:13Z","event":"answer","id":"QR2","state":"chosen","option":"a","note":"","override":false,"round":1}
{"seq":28,"at":"2026-08-10T02:42:20Z","event":"answer","id":"Q4","state":"chosen","option":"a","note":"","override":false,"round":1}
{"seq":29,"at":"2026-08-10T02:42:41Z","event":"answer","id":"Q22","state":"chosen","option":"a","note":"","override":false,"round":1}
{"seq":30,"at":"2026-08-10T02:42:49Z","event":"answer","id":"Q24","state":"chosen","option":"a","note":"","override":false,"round":1}
{"seq":31,"at":"2026-08-10T02:43:17Z","event":"answer","id":"Q33","state":"chosen","option":"a","note":"","override":false,"round":1}
{"seq":32,"at":"2026-08-10T02:43:59Z","event":"answer","id":"QR3","state":"chosen","option":"c","note":"","override":false,"round":1}
{"seq":33,"at":"2026-08-10T02:47:24Z","event":"answer","id":"QR4","state":"chosen","option":null,"note":"On first returned true. Certain types of legality are either blacklist or whitelist types. First checks blacklist type mods, first true means effect is blacklisted. Then checks whitelist, where first returned true is accepted.","override":true,"round":1}
{"seq":34,"at":"2026-08-10T02:54:42Z","event":"answer","id":"QR4","state":"chosen","option":"d","note":"On first returned true. Certain types of legality are either blacklist or whitelist types. First checks blacklist type mods, first true means effect is blacklisted. Then checks whitelist, where first returned true is accepted.","override":false,"round":2}
{"seq":35,"at":"2026-08-10T02:55:45Z","event":"answer","id":"QR5","state":"chosen","option":"a","note":"","override":false,"round":2}
{"seq":36,"at":"2026-08-10T02:55:59Z","event":"answer","id":"QR6","state":"chosen","option":"a","note":"","override":false,"round":2}
{"seq":37,"at":"2026-08-10T02:56:22Z","event":"answer","id":"QR7","state":"chosen","option":"a","note":"","override":false,"round":2}
{"seq":38,"at":"2026-08-10T02:56:48Z","event":"answer","id":"QR8","state":"chosen","option":"b","note":"","override":false,"round":2}
{"seq":39,"at":"2026-08-10T02:58:17Z","event":"answer","id":"Q62","state":"chosen","option":null,"note":"then only effects dependent on meld hooks are affected. A hook cannot have multiple potential implementers or implement different hooks at the same time.","override":true,"round":2}
{"seq":40,"at":"2026-08-10T02:58:32Z","event":"answer","id":"Q63","state":"chosen","option":"a","note":"","override":false,"round":2}
{"seq":41,"at":"2026-08-10T02:58:44Z","event":"answer","id":"Q71","state":"chosen","option":"c","note":"","override":false,"round":2}
{"seq":42,"at":"2026-08-10T02:58:53Z","event":"answer","id":"Q72","state":"chosen","option":"b","note":"","override":false,"round":2}
{"seq":43,"at":"2026-08-10T02:59:05Z","event":"answer","id":"Q80","state":"chosen","option":"a","note":"","override":false,"round":2}
{"seq":44,"at":"2026-08-10T02:59:24Z","event":"answer","id":"Q81","state":"chosen","option":"a","note":"","override":false,"round":2}
{"seq":45,"at":"2026-08-10T02:59:57Z","event":"answer","id":"Q82","state":"chosen","option":"a","note":"","override":false,"round":2}
{"seq":46,"at":"2026-08-10T03:00:29Z","event":"answer","id":"Q83","state":"chosen","option":"a","note":"","override":false,"round":2}
{"seq":47,"at":"2026-08-10T03:00:39Z","event":"answer","id":"Q84","state":"chosen","option":"a","note":"","override":false,"round":2}
{"seq":48,"at":"2026-08-10T03:01:20Z","event":"answer","id":"Q94","state":"chosen","option":"a","note":"","override":false,"round":2}
{"seq":49,"at":"2026-08-10T03:02:31Z","event":"answer","id":"Q92","state":"chosen","option":"b","note":"","override":false,"round":2}
{"seq":50,"at":"2026-08-10T03:06:16Z","event":"answer","id":"Q93","state":"chosen","option":null,"note":"Q3. groupings count as 1 card in a straight. 5 groupings where each one is connected straight wise should be a straight choosing 1 card from each grouping.","override":true,"round":2}
{"seq":51,"at":"2026-08-10T03:08:14Z","event":"answer","id":"Q50","state":"chosen","option":"a","note":"","override":false,"round":2}
{"seq":52,"at":"2026-08-10T03:08:18Z","event":"answer","id":"Q52","state":"chosen","option":"a","note":"","override":false,"round":2}
{"seq":53,"at":"2026-08-10T03:08:29Z","event":"answer","id":"Q53","state":"chosen","option":"a","note":"","override":false,"round":2}
{"seq":54,"at":"2026-08-10T03:08:38Z","event":"answer","id":"Q54","state":"chosen","option":"a","note":"","override":false,"round":2}
{"seq":55,"at":"2026-08-10T03:09:14Z","event":"answer","id":"Q55","state":"chosen","option":"a","note":"","override":false,"round":2}
{"seq":56,"at":"2026-08-10T03:09:25Z","event":"answer","id":"Q56","state":"chosen","option":"a","note":"","override":false,"round":2}
{"seq":57,"at":"2026-08-10T03:10:16Z","event":"answer","id":"Q57","state":"chosen","option":"a","note":"","override":false,"round":2}
{"seq":58,"at":"2026-08-10T03:10:43Z","event":"answer","id":"Q13","state":"chosen","option":"d","note":"I assume this would be an effect that removes certain cards from being allowed in meld? assuming an actual no grouping would be 1 group of 1 card per card in meld. If mod is basically saying, ignore all cards in this hand, no meld possible, then allow it.","override":false,"round":2}
{"seq":59,"at":"2026-08-10T03:10:51Z","event":"answer","id":"Q85","state":"chosen","option":"a","note":"","override":false,"round":2}
{"seq":60,"at":"2026-08-10T03:11:04Z","event":"answer","id":"Q14","state":"chosen","option":"d","note":"Why not? if a mod purposely adds an extra invisible card or chooses an existing card on the board to participate in the meld as well, why reject it?","override":false,"round":2}
{"seq":61,"at":"2026-08-10T03:11:20Z","event":"answer","id":"Q87","state":"chosen","option":"a","note":"","override":false,"round":2}
{"seq":62,"at":"2026-08-10T03:11:49Z","event":"answer","id":"Q88","state":"chosen","option":"a","note":"","override":false,"round":2}
{"seq":63,"at":"2026-08-10T03:14:17Z","event":"answer","id":"Q89","state":"chosen","option":"b","note":"","override":false,"round":2}
{"seq":64,"at":"2026-08-10T03:14:33Z","event":"answer","id":"Q41","state":"chosen","option":"c","note":"cache everything except cards that consult rng then","override":false,"round":2}
{"seq":65,"at":"2026-08-10T03:14:47Z","event":"answer","id":"Q90","state":"chosen","option":"a","note":"","override":false,"round":2}
{"seq":66,"at":"2026-08-10T03:15:14Z","event":"answer","id":"Q91","state":"chosen","option":"a","note":"","override":false,"round":2}
{"seq":67,"at":"2026-08-10T03:20:57Z","event":"answer","id":"Q62","state":"chosen","option":"a","note":"then only effects dependent on meld hooks are affected. A hook cannot have multiple potential implementers or implement different hooks at the same time.","override":false,"round":3}
{"seq":68,"at":"2026-08-10T03:21:37Z","event":"answer","id":"Q95","state":"chosen","option":"a","note":"","override":false,"round":3}
{"seq":69,"at":"2026-08-10T03:22:32Z","event":"answer","id":"Q96","state":"chosen","option":"c","note":"","override":false,"round":3}
{"seq":70,"at":"2026-08-10T03:24:28Z","event":"answer","id":"Q97","state":"chosen","option":null,"note":"I only meant that you cannot directly reuse a card with a meld hook for stuff like stacking hooks. if i wanted a card to also have stacking rules then it needs to implement stacking hook too.","override":true,"round":3}
{"seq":71,"at":"2026-08-10T03:24:52Z","event":"answer","id":"Q93","state":"chosen","option":"d","note":"Q3. groupings count as 1 card in a straight. 5 groupings where each one is connected straight wise should be a straight choosing 1 card from each grouping.","override":false,"round":3}
